Archive member included to satisfy reference by file (symbol)

/usr/lib/gcc/arm-none-eabi/10.3.1/thumb/v6-m/nofp/libgcc.a(_dvmd_tls.o)
                              CMakeFiles/main.dir/lib/pico-sdk/src/rp2_common/pico_divider/divider_hardware.S.o (__aeabi_idiv0)
/usr/lib/gcc/arm-none-eabi/10.3.1/../../../arm-none-eabi/lib/thumb/v6-m/nofp/libg.a(lib_a-atexit.o)
                              /usr/lib/gcc/arm-none-eabi/10.3.1/../../../arm-none-eabi/lib/thumb/v6-m/nofp/crt0.o (atexit)
/usr/lib/gcc/arm-none-eabi/10.3.1/../../../arm-none-eabi/lib/thumb/v6-m/nofp/libg.a(lib_a-calloc.o)
                              CMakeFiles/main.dir/lib/pico-sdk/src/rp2_common/pico_malloc/malloc.c.o (calloc)
/usr/lib/gcc/arm-none-eabi/10.3.1/../../../arm-none-eabi/lib/thumb/v6-m/nofp/libg.a(lib_a-callocr.o)
                              /usr/lib/gcc/arm-none-eabi/10.3.1/../../../arm-none-eabi/lib/thumb/v6-m/nofp/libg.a(lib_a-calloc.o) (_calloc_r)
/usr/lib/gcc/arm-none-eabi/10.3.1/../../../arm-none-eabi/lib/thumb/v6-m/nofp/libg.a(lib_a-fini.o)
                              /usr/lib/gcc/arm-none-eabi/10.3.1/../../../arm-none-eabi/lib/thumb/v6-m/nofp/crt0.o (__libc_fini_array)
/usr/lib/gcc/arm-none-eabi/10.3.1/../../../arm-none-eabi/lib/thumb/v6-m/nofp/libg.a(lib_a-impure.o)
                              /usr/lib/gcc/arm-none-eabi/10.3.1/../../../arm-none-eabi/lib/thumb/v6-m/nofp/libg.a(lib_a-calloc.o) (_impure_ptr)
/usr/lib/gcc/arm-none-eabi/10.3.1/../../../arm-none-eabi/lib/thumb/v6-m/nofp/libg.a(lib_a-init.o)
                              /usr/lib/gcc/arm-none-eabi/10.3.1/../../../arm-none-eabi/lib/thumb/v6-m/nofp/crt0.o (__libc_init_array)
/usr/lib/gcc/arm-none-eabi/10.3.1/../../../arm-none-eabi/lib/thumb/v6-m/nofp/libg.a(lib_a-lcltime_r.o)
                              CMakeFiles/main.dir/lib/pico-sdk/src/common/pico_util/datetime.c.o (localtime_r)
/usr/lib/gcc/arm-none-eabi/10.3.1/../../../arm-none-eabi/lib/thumb/v6-m/nofp/libg.a(lib_a-malloc.o)
                              CMakeFiles/main.dir/lib/pico-sdk/src/rp2_common/pico_malloc/malloc.c.o (malloc)
/usr/lib/gcc/arm-none-eabi/10.3.1/../../../arm-none-eabi/lib/thumb/v6-m/nofp/libg.a(lib_a-mallocr.o)
                              /usr/lib/gcc/arm-none-eabi/10.3.1/../../../arm-none-eabi/lib/thumb/v6-m/nofp/libg.a(lib_a-callocr.o) (_malloc_r)
/usr/lib/gcc/arm-none-eabi/10.3.1/../../../arm-none-eabi/lib/thumb/v6-m/nofp/libg.a(lib_a-memcmp.o)
                              CMakeFiles/main.dir/lib/pico-sdk/src/rp2_common/pico_atomic/atomic.c.o (memcmp)
/usr/lib/gcc/arm-none-eabi/10.3.1/../../../arm-none-eabi/lib/thumb/v6-m/nofp/libg.a(lib_a-memmove.o)
                              CMakeFiles/main.dir/lib/pico-sdk/lib/cyw43-driver/src/cyw43_ll.c.o (memmove)
/usr/lib/gcc/arm-none-eabi/10.3.1/../../../arm-none-eabi/lib/thumb/v6-m/nofp/libg.a(lib_a-mktime.o)
                              CMakeFiles/main.dir/lib/pico-sdk/src/common/pico_util/datetime.c.o (mktime)
/usr/lib/gcc/arm-none-eabi/10.3.1/../../../arm-none-eabi/lib/thumb/v6-m/nofp/libg.a(lib_a-mlock.o)
                              /usr/lib/gcc/arm-none-eabi/10.3.1/../../../arm-none-eabi/lib/thumb/v6-m/nofp/libg.a(lib_a-mallocr.o) (__malloc_lock)
/usr/lib/gcc/arm-none-eabi/10.3.1/../../../arm-none-eabi/lib/thumb/v6-m/nofp/libg.a(lib_a-month_lengths.o)
                              /usr/lib/gcc/arm-none-eabi/10.3.1/../../../arm-none-eabi/lib/thumb/v6-m/nofp/libg.a(lib_a-lcltime_r.o) (__month_lengths)
/usr/lib/gcc/arm-none-eabi/10.3.1/../../../arm-none-eabi/lib/thumb/v6-m/nofp/libg.a(lib_a-realloc.o)
                              CMakeFiles/main.dir/lib/pico-sdk/src/rp2_common/pico_malloc/malloc.c.o (realloc)
/usr/lib/gcc/arm-none-eabi/10.3.1/../../../arm-none-eabi/lib/thumb/v6-m/nofp/libg.a(lib_a-reallocr.o)
                              /usr/lib/gcc/arm-none-eabi/10.3.1/../../../arm-none-eabi/lib/thumb/v6-m/nofp/libg.a(lib_a-realloc.o) (_realloc_r)
/usr/lib/gcc/arm-none-eabi/10.3.1/../../../arm-none-eabi/lib/thumb/v6-m/nofp/libg.a(lib_a-sbrkr.o)
                              /usr/lib/gcc/arm-none-eabi/10.3.1/../../../arm-none-eabi/lib/thumb/v6-m/nofp/libg.a(lib_a-mallocr.o) (_sbrk_r)
/usr/lib/gcc/arm-none-eabi/10.3.1/../../../arm-none-eabi/lib/thumb/v6-m/nofp/libg.a(lib_a-strlen-stub.o)
                              CMakeFiles/main.dir/lib/pico-sdk/src/rp2_common/pico_stdio/stdio.c.o (strlen)
/usr/lib/gcc/arm-none-eabi/10.3.1/../../../arm-none-eabi/lib/thumb/v6-m/nofp/libg.a(lib_a-strncmp.o)
                              CMakeFiles/main.dir/lib/pico-sdk/lib/cyw43-driver/src/cyw43_ll.c.o (strncmp)
/usr/lib/gcc/arm-none-eabi/10.3.1/../../../arm-none-eabi/lib/thumb/v6-m/nofp/libg.a(lib_a-tzcalc_limits.o)
                              /usr/lib/gcc/arm-none-eabi/10.3.1/../../../arm-none-eabi/lib/thumb/v6-m/nofp/libg.a(lib_a-lcltime_r.o) (__tzcalc_limits)
/usr/lib/gcc/arm-none-eabi/10.3.1/../../../arm-none-eabi/lib/thumb/v6-m/nofp/libg.a(lib_a-tzlock.o)
[...]
Memory Configuration

Name             Origin             Length             Attributes
FLASH            0x0000000010000000 0x0000000000200000 xr
RAM              0x0000000020000000 0x0000000000040000 xrw
SCRATCH_X        0x0000000020040000 0x0000000000001000 xrw
SCRATCH_Y        0x0000000020041000 0x0000000000001000 xrw
*default*        0x0000000000000000 0xffffffffffffffff

Linker script and memory map

LOAD /usr/lib/gcc/arm-none-eabi/10.3.1/thumb/v6-m/nofp/crti.o
LOAD /usr/lib/gcc/arm-none-eabi/10.3.1/thumb/v6-m/nofp/crtbegin.o
LOAD /usr/lib/gcc/arm-none-eabi/10.3.1/../../../arm-none-eabi/lib/thumb/v6-m/nofp/crt0.o

.flash_begin    0x0000000010000000        0x0
                0x0000000010000000                __flash_binary_start = .

.boot2          0x0000000010000000      0x100
                0x0000000010000000                __boot2_start__ = .
 *(.boot2)
 .boot2         0x0000000010000000      0x100 pico-sdk/src/rp2040/boot_stage2/CMakeFiles/bs2_default_library.dir/bs2_default_padded_checksummed.S.o
                0x0000000010000100                __boot2_end__ = .
                0x0000000000000001                ASSERT (((__boot2_end__ - __boot2_start__) == 0x100), ERROR: Pico second stage bootloader must be 256 bytes in size)

.text           0x0000000010000100     0xa744
                0x0000000010000100                __logical_binary_start = .
 *(.vectors)
 .vectors       0x0000000010000100       0xd4 CMakeFiles/main.dir/lib/pico-sdk/src/rp2_common/pico_crt0/crt0.S.o
                0x0000000010000100                __vectors
                0x0000000010000100                __VECTOR_TABLE
                0x00000000100001c0                isr_invalid
                0x00000000100001c0                __default_isrs_start
                0x00000000100001c2                isr_nmi
                0x00000000100001c4                isr_hardfault
                0x00000000100001c6                isr_svcall
                0x00000000100001c8                isr_pendsv
                0x00000000100001ca                isr_systick
                0x00000000100001cc                isr_irq30
                0x00000000100001cc                __unhandled_user_irq
                0x00000000100001cc                isr_irq13
                0x00000000100001cc                isr_irq27
                0x00000000100001cc                isr_irq31
                0x00000000100001cc                isr_irq5
                0x00000000100001cc                isr_irq11
                0x00000000100001cc                isr_irq23
                0x00000000100001cc                isr_irq18
                0x00000000100001cc                isr_irq28
                0x00000000100001cc                isr_irq19
                0x00000000100001cc                isr_irq0
                0x00000000100001cc                isr_irq6
                0x00000000100001cc                isr_irq22
                0x00000000100001cc                isr_irq17
                0x00000000100001cc                isr_irq14
                0x00000000100001cc                isr_irq2
                0x00000000100001cc                isr_irq10
                0x00000000100001cc                isr_irq8
                0x00000000100001cc                isr_irq24
                0x00000000100001cc                isr_irq1
                0x00000000100001cc                isr_irq7
                0x00000000100001cc                isr_irq21
                0x00000000100001cc                isr_irq20
                0x00000000100001cc                isr_irq15
                0x00000000100001cc                isr_irq25
                0x00000000100001cc                isr_irq4
                0x00000000100001cc                isr_irq16
                0x00000000100001cc                isr_irq29
                0x00000000100001cc                isr_irq26
                0x00000000100001cc                __default_isrs_end
                0x00000000100001cc                isr_irq3
                0x00000000100001cc                isr_irq12
                0x00000000100001cc                isr_irq9
                0x00000000100001d2                unhandled_user_irq_num_in_r0
 *(.binary_info_header)
 .binary_info_header
                0x00000000100001d4       0x14 CMakeFiles/main.dir/lib/pico-sdk/src/rp2_common/pico_crt0/crt0.S.o
                0x00000000100001e8                __binary_info_header_end = .
 *(.embedded_block)
                0x00000000100001e8                __embedded_block_end = .
 *(.reset)
 .reset         0x00000000100001e8       0x9c CMakeFiles/main.dir/lib/pico-sdk/src/rp2_common/pico_crt0/crt0.S.o
                0x00000000100001e8                _entry_point
 *(.init)
 .init          0x0000000010000284        0x4 /usr/lib/gcc/arm-none-eabi/10.3.1/thumb/v6-m/nofp/crti.o
                0x0000000010000284                _init
 *(EXCLUDE_FILE(*libm.a: *libc.a:*lib_a-mem*.o *libgcc.a:) .text*)
 .text          0x0000000010000288       0x98 /usr/lib/gcc/arm-none-eabi/10.3.1/thumb/v6-m/nofp/crtbegin.o
 .text.startup.main
                0x0000000010000320       0x3c CMakeFiles/main.dir/src/main.c.o
                0x0000000010000320                main
 .text.gpio_set_function
                0x000000001000035c       0x34 CMakeFiles/main.dir/lib/pico-sdk/src/rp2_common/hardware_gpio/gpio.c.o
                0x000000001000035c                gpio_set_function
 .text.gpio_set_pulls
                0x0000000010000390       0x34 CMakeFiles/main.dir/lib/pico-sdk/src/rp2_common/hardware_gpio/gpio.c.o
                0x0000000010000390                gpio_set_pulls
 .text.gpio_set_input_hysteresis_enabled
                0x00000000100003c4       0x28 CMakeFiles/main.dir/lib/pico-sdk/src/rp2_common/hardware_gpio/gpio.c.o
                0x00000000100003c4                gpio_set_input_hysteresis_enabled
 .text.gpio_set_irq_enabled
                0x00000000100003ec       0x58 CMakeFiles/main.dir/lib/pico-sdk/src/rp2_common/hardware_gpio/gpio.c.o
                0x00000000100003ec                gpio_set_irq_enabled
 .text.gpio_add_raw_irq_handler_with_order_priority_masked
                0x0000000010000444       0x44 CMakeFiles/main.dir/lib/pico-sdk/src/rp2_common/hardware_gpio/gpio.c.o
                0x0000000010000444                gpio_add_raw_irq_handler_with_order_priority_masked
 .text.gpio_remove_raw_irq_handler_masked
                0x0000000010000488       0x20 CMakeFiles/main.dir/lib/pico-sdk/src/rp2_common/hardware_gpio/gpio.c.o
                0x0000000010000488                gpio_remove_raw_irq_handler_masked
 .text.gpio_init
                0x00000000100004a8       0x40 CMakeFiles/main.dir/lib/pico-sdk/src/rp2_common/hardware_gpio/gpio.c.o
                0x00000000100004a8                gpio_init
 .text.rp2040_chip_version
                0x00000000100004e8        0xc CMakeFiles/main.dir/lib/pico-sdk/src/rp2040/pico_platform/platform.c.o
                0x00000000100004e8                rp2040_chip_version
 .text.panic    0x00000000100004f4       0x30 CMakeFiles/main.dir/lib/pico-sdk/src/rp2_common/pico_platform_panic/panic.c.o
                0x00000000100004f4                panic
 .text.hw_claim_lock
                0x0000000010000524       0x18 CMakeFiles/main.dir/lib/pico-sdk/src/common/hardware_claim/claim.c.o
                0x0000000010000524                hw_claim_lock
 .text.hw_claim_unlock
                0x000000001000053c       0x14 CMakeFiles/main.dir/lib/pico-sdk/src/common/hardware_claim/claim.c.o
                0x000000001000053c                hw_claim_unlock
 .text.hw_claim_or_assert
                0x0000000010000550       0x44 CMakeFiles/main.dir/lib/pico-sdk/src/common/hardware_claim/claim.c.o
                0x0000000010000550                hw_claim_or_assert
 .text.hw_claim_unused_from_range
                0x0000000010000594       0x9c CMakeFiles/main.dir/lib/pico-sdk/src/common/hardware_claim/claim.c.o
                0x0000000010000594                hw_claim_unused_from_range
 .text.hw_claim_clear
                0x0000000010000630       0x38 CMakeFiles/main.dir/lib/pico-sdk/src/common/hardware_claim/claim.c.o
                0x0000000010000630                hw_claim_clear
 .text.next_striped_spin_lock_num
                0x0000000010000668       0x18 CMakeFiles/main.dir/lib/pico-sdk/src/rp2_common/hardware_sync/sync.c.o
                0x0000000010000668                next_striped_spin_lock_num
 .text.spin_lock_claim_unused
                0x0000000010000680       0x20 CMakeFiles/main.dir/lib/pico-sdk/src/rp2_common/hardware_sync/sync.c.o
                0x0000000010000680                spin_lock_claim_unused
 .text.spin_locks_reset
                0x00000000100006a0       0x1c CMakeFiles/main.dir/lib/pico-sdk/src/rp2_common/hardware_sync_spin_lock/sync_spin_lock.c.o
                0x00000000100006a0                spin_locks_reset
 .text.runtime_init_per_core_irq_priorities
                0x00000000100006bc       0x24 CMakeFiles/main.dir/lib/pico-sdk/src/rp2_common/hardware_irq/irq.c.o
                0x00000000100006bc                runtime_init_per_core_irq_priorities
 .text.irq_set_enabled
                0x00000000100006e0       0x24 CMakeFiles/main.dir/lib/pico-sdk/src/rp2_common/hardware_irq/irq.c.o
                0x00000000100006e0                irq_set_enabled
 .text.irq_is_enabled
                0x0000000010000704       0x18 CMakeFiles/main.dir/lib/pico-sdk/src/rp2_common/hardware_irq/irq.c.o
                0x0000000010000704                irq_is_enabled
 .text.irq_set_pending
                0x000000001000071c       0x10 CMakeFiles/main.dir/lib/pico-sdk/src/rp2_common/hardware_irq/irq.c.o
                0x000000001000071c                irq_set_pending
 .text.irq_has_shared_handler
                0x000000001000072c       0x24 CMakeFiles/main.dir/lib/pico-sdk/src/rp2_common/hardware_irq/irq.c.o
                0x000000001000072c                irq_has_shared_handler
 .text.irq_set_exclusive_handler
                0x0000000010000750       0x54 CMakeFiles/main.dir/lib/pico-sdk/src/rp2_common/hardware_irq/irq.c.o
                0x0000000010000750                irq_set_exclusive_handler
 .text.irq_add_shared_handler
                0x00000000100007a4      0x1e8 CMakeFiles/main.dir/lib/pico-sdk/src/rp2_common/hardware_irq/irq.c.o
                0x00000000100007a4                irq_add_shared_handler
 .text.irq_remove_handler
                0x000000001000098c      0x1c4 CMakeFiles/main.dir/lib/pico-sdk/src/rp2_common/hardware_irq/irq.c.o
                0x000000001000098c                irq_remove_handler
 .text.irq_set_priority
                0x0000000010000b50       0x28 CMakeFiles/main.dir/lib/pico-sdk/src/rp2_common/hardware_irq/irq.c.o
                0x0000000010000b50                irq_set_priority
 .text.irq_add_tail_to_free_list
                0x0000000010000b78       0xb4 CMakeFiles/main.dir/lib/pico-sdk/src/rp2_common/hardware_irq/irq.c.o
                0x0000000010000b78                irq_add_tail_to_free_list
 .text.user_irq_unclaim
                0x0000000010000c2c       0x14 CMakeFiles/main.dir/lib/pico-sdk/src/rp2_common/hardware_irq/irq.c.o
                0x0000000010000c2c                user_irq_unclaim
 .text.user_irq_claim_unused
                0x0000000010000c40       0x28 CMakeFiles/main.dir/lib/pico-sdk/src/rp2_common/hardware_irq/irq.c.o
                0x0000000010000c40                user_irq_claim_unused
 .text.sem_init
                0x0000000010000c68       0x20 CMakeFiles/main.dir/lib/pico-sdk/src/common/pico_sync/sem.c.o
                0x0000000010000c68                sem_init
 .text.lock_init
                0x0000000010000c88       0x10 CMakeFiles/main.dir/lib/pico-sdk/src/common/pico_sync/lock_core.c.o
                0x0000000010000c88                lock_init
 .text.runtime_init_mutex
                0x0000000010000c98       0x58 CMakeFiles/main.dir/lib/pico-sdk/src/common/pico_sync/mutex.c.o
                0x0000000010000c98                runtime_init_mutex
 .text.mutex_init
                0x0000000010000cf0       0x1c CMakeFiles/main.dir/lib/pico-sdk/src/common/pico_sync/mutex.c.o
                0x0000000010000cf0                mutex_init
 .text.recursive_mutex_init
                0x0000000010000d0c       0x1c CMakeFiles/main.dir/lib/pico-sdk/src/common/pico_sync/mutex.c.o
                0x0000000010000d0c                recursive_mutex_init
 .text.critical_section_init
                0x0000000010000d28       0x20 CMakeFiles/main.dir/lib/pico-sdk/src/common/pico_sync/critical_section.c.o
                0x0000000010000d28                critical_section_init
 .text.critical_section_init_with_lock_num
                0x0000000010000d48       0x14 CMakeFiles/main.dir/lib/pico-sdk/src/common/pico_sync/critical_section.c.o
                0x0000000010000d48                critical_section_init_with_lock_num
 .text.sleep_until_callback
                0x0000000010000d5c       0x30 CMakeFiles/main.dir/lib/pico-sdk/src/common/pico_time/time.c.o
 .text.alarm_pool_irq_handler
                0x0000000010000d8c      0x308 CMakeFiles/main.dir/lib/pico-sdk/src/common/pico_time/time.c.o
 .text.runtime_init_default_alarm_pool
                0x0000000010001094       0xdc CMakeFiles/main.dir/lib/pico-sdk/src/common/pico_time/time.c.o
                0x0000000010001094                runtime_init_default_alarm_pool
 .text.alarm_pool_get_default
                0x0000000010001170        0x8 CMakeFiles/main.dir/lib/pico-sdk/src/common/pico_time/time.c.o
                0x0000000010001170                alarm_pool_get_default
 .text.alarm_pool_add_alarm_at
                0x0000000010001178       0xc8 CMakeFiles/main.dir/lib/pico-sdk/src/common/pico_time/time.c.o
                0x0000000010001178                alarm_pool_add_alarm_at
 .text.alarm_pool_add_alarm_at_force_in_context
                0x0000000010001240       0xb0 CMakeFiles/main.dir/lib/pico-sdk/src/common/pico_time/time.c.o
                0x0000000010001240                alarm_pool_add_alarm_at_force_in_context
 .text.alarm_pool_cancel_alarm
                0x00000000100012f0       0x7c CMakeFiles/main.dir/lib/pico-sdk/src/common/pico_time/time.c.o
                0x00000000100012f0                alarm_pool_cancel_alarm
 .text.alarm_pool_core_num
                0x000000001000136c        0x4 CMakeFiles/main.dir/lib/pico-sdk/src/common/pico_time/time.c.o
                0x000000001000136c                alarm_pool_core_num
 .text.sleep_until
                0x0000000010001370       0xd0 CMakeFiles/main.dir/lib/pico-sdk/src/common/pico_time/time.c.o
                0x0000000010001370                sleep_until
 .text.sleep_ms
                0x0000000010001440       0x34 CMakeFiles/main.dir/lib/pico-sdk/src/common/pico_time/time.c.o
                0x0000000010001440                sleep_ms
 .text.best_effort_wfe_or_timeout
                0x0000000010001474       0xfc CMakeFiles/main.dir/lib/pico-sdk/src/common/pico_time/time.c.o
                0x0000000010001474                best_effort_wfe_or_timeout
 .text.timer_hardware_alarm_claim
                0x0000000010001570       0x14 CMakeFiles/main.dir/lib/pico-sdk/src/rp2_common/hardware_timer/timer.c.o
                0x0000000010001570                timer_hardware_alarm_claim
 .text.timer_time_us_64
                0x0000000010001584       0x10 CMakeFiles/main.dir/lib/pico-sdk/src/rp2_common/hardware_timer/timer.c.o
                0x0000000010001584                timer_time_us_64
 .text.time_us_64
                0x0000000010001594       0x14 CMakeFiles/main.dir/lib/pico-sdk/src/rp2_common/hardware_timer/timer.c.o
                0x0000000010001594                time_us_64
 .text.busy_wait_us
                0x00000000100015a8       0x54 CMakeFiles/main.dir/lib/pico-sdk/src/rp2_common/hardware_timer/timer.c.o
                0x00000000100015a8                busy_wait_us
 .text.busy_wait_until
                0x00000000100015fc       0x20 CMakeFiles/main.dir/lib/pico-sdk/src/rp2_common/hardware_timer/timer.c.o
                0x00000000100015fc                busy_wait_until
 .text.uart_init
                0x000000001000161c      0x11c CMakeFiles/main.dir/lib/pico-sdk/src/rp2_common/hardware_uart/uart.c.o
                0x000000001000161c                uart_init
 .text.clock_configure_int_divider
                0x0000000010001738       0xf4 CMakeFiles/main.dir/lib/pico-sdk/src/rp2_common/hardware_clocks/clocks.c.o
                0x0000000010001738                clock_configure_int_divider
 .text.clock_configure_undivided
                0x000000001000182c       0xe8 CMakeFiles/main.dir/lib/pico-sdk/src/rp2_common/hardware_clocks/clocks.c.o
                0x000000001000182c                clock_configure_undivided
 .text.clock_get_hz
                0x0000000010001914        0xc CMakeFiles/main.dir/lib/pico-sdk/src/rp2_common/hardware_clocks/clocks.c.o
                0x0000000010001914                clock_get_hz
 .text.pll_init
                0x0000000010001920       0xa0 CMakeFiles/main.dir/lib/pico-sdk/src/rp2_common/hardware_pll/pll.c.o
                0x0000000010001920                pll_init
 .text.watchdog_reboot
                0x00000000100019c0       0x98 CMakeFiles/main.dir/lib/pico-sdk/src/rp2_common/hardware_watchdog/watchdog.c.o
                0x00000000100019c0                watchdog_reboot
 .text.tick_start
                0x0000000010001a58       0x10 CMakeFiles/main.dir/lib/pico-sdk/src/rp2_common/hardware_ticks/ticks.c.o
                0x0000000010001a58                tick_start
 .text.rom_func_lookup
                0x0000000010001a68       0x10 CMakeFiles/main.dir/lib/pico-sdk/src/rp2_common/pico_bootrom/bootrom.c.o
                0x0000000010001a68                rom_func_lookup
 .text.rom_data_lookup
                0x0000000010001a78       0x10 CMakeFiles/main.dir/lib/pico-sdk/src/rp2_common/pico_bootrom/bootrom.c.o
                0x0000000010001a78                rom_data_lookup
 .text.rom_funcs_lookup
                0x0000000010001a88       0x44 CMakeFiles/main.dir/lib/pico-sdk/src/rp2_common/pico_bootrom/bootrom.c.o
                0x0000000010001a88                rom_funcs_lookup
 .text.rom_reset_usb_boot_extra
                0x0000000010001acc       0x28 CMakeFiles/main.dir/lib/pico-sdk/src/rp2_common/pico_bootrom/bootrom.c.o
                0x0000000010001acc                rom_reset_usb_boot_extra
 .text.xosc_init
                0x0000000010001af4       0x28 CMakeFiles/main.dir/lib/pico-sdk/src/rp2_common/hardware_xosc/xosc.c.o
                0x0000000010001af4                xosc_init
 .text.first_per_core_initializer
                0x0000000010001b1c        0x4 CMakeFiles/main.dir/lib/pico-sdk/src/rp2_common/pico_runtime/runtime.c.o
 .text.hard_assertion_failure
                0x0000000010001b20        0xc CMakeFiles/main.dir/lib/pico-sdk/src/rp2_common/pico_runtime/runtime.c.o
                0x0000000010001b20                hard_assertion_failure
 .text.runtime_run_initializers
                0x0000000010001b2c       0x28 CMakeFiles/main.dir/lib/pico-sdk/src/rp2_common/pico_runtime/runtime.c.o
                0x0000000010001b2c                runtime_run_initializers
 .text.runtime_init_early_resets
                0x0000000010001b54       0x2c CMakeFiles/main.dir/lib/pico-sdk/src/rp2_common/pico_runtime_init/runtime_init.c.o
                0x0000000010001b54                runtime_init_early_resets
 .text.runtime_init_usb_power_down
                0x0000000010001b80       0x1c CMakeFiles/main.dir/lib/pico-sdk/src/rp2_common/pico_runtime_init/runtime_init.c.o
                0x0000000010001b80                runtime_init_usb_power_down
 .text.runtime_init_post_clock_resets
                0x0000000010001b9c       0x20 CMakeFiles/main.dir/lib/pico-sdk/src/rp2_common/pico_runtime_init/runtime_init.c.o
                0x0000000010001b9c                runtime_init_post_clock_resets
 .text.runtime_init_rp2040_gpio_ie_disable
                0x0000000010001bbc       0x14 CMakeFiles/main.dir/lib/pico-sdk/src/rp2_common/pico_runtime_init/runtime_init.c.o
                0x0000000010001bbc                runtime_init_rp2040_gpio_ie_disable
 .text.runtime_init_spin_locks_reset
                0x0000000010001bd0        0x8 CMakeFiles/main.dir/lib/pico-sdk/src/rp2_common/pico_runtime_init/runtime_init.c.o
                0x0000000010001bd0                runtime_init_spin_locks_reset
 .text.runtime_init_install_ram_vector_table
                0x0000000010001bd8       0x1c CMakeFiles/main.dir/lib/pico-sdk/src/rp2_common/pico_runtime_init/runtime_init.c.o
                0x0000000010001bd8                runtime_init_install_ram_vector_table
 .text.runtime_init_clocks
                0x0000000010001bf4       0xd8 CMakeFiles/main.dir/lib/pico-sdk/src/rp2_common/pico_runtime_init/runtime_init_clocks.c.o
                0x0000000010001bf4                runtime_init_clocks
 .text          0x0000000010001ccc       0x10 CMakeFiles/main.dir/lib/pico-sdk/src/rp2_common/pico_bit_ops/bit_ops_aeabi.S.o
 .text.ctzsi    0x0000000010001cdc        0xc CMakeFiles/main.dir/lib/pico-sdk/src/rp2_common/pico_bit_ops/bit_ops_aeabi.S.o
                0x0000000010001cdc                __wrap___ctzsi2
 .text.__wrap___aeabi_idiv
                0x0000000010001ce8       0x50 CMakeFiles/main.dir/lib/pico-sdk/src/rp2_common/pico_divider/divider_hardware.S.o
                0x0000000010001ce8                __wrap___aeabi_idivmod
                0x0000000010001ce8                divmod_s32s32
                0x0000000010001ce8                div_s32s32
                0x0000000010001ce8                __wrap___aeabi_idiv
                0x0000000010001cf0                divmod_s32s32_unsafe
                0x0000000010001d1c                divmod_s32s32_savestate
 .text.__wrap___aeabi_uidiv
                0x0000000010001d38       0x4c CMakeFiles/main.dir/lib/pico-sdk/src/rp2_common/pico_divider/divider_hardware.S.o
                0x0000000010001d38                __wrap___aeabi_uidiv
                0x0000000010001d38                __wrap___aeabi_uidivmod
                0x0000000010001d38                div_u32u32
                0x0000000010001d38                divmod_u32u32
                0x0000000010001d40                divmod_u32u32_unsafe
                0x0000000010001d68                divmod_u32u32_savestate
 .text.__wrap___aeabi_ldiv
                0x0000000010001d84      0x424 CMakeFiles/main.dir/lib/pico-sdk/src/rp2_common/pico_divider/divider_hardware.S.o
                0x0000000010001d84                div_s64s64
                0x0000000010001d84                divmod_s64s64
                0x0000000010001d84                __wrap___aeabi_ldivmod
                0x0000000010001db4                div_u64u64
                0x0000000010001db4                divmod_u64u64
                0x0000000010001db4                __wrap___aeabi_uldivmod
                0x0000000010001dc4                divmod_u64u64_savestate
                0x0000000010001de4                divmod_s64s64_unsafe
                0x0000000010001e6c                divmod_u64u64_unsafe
 .text.__wrap___aeabi_darithmetic
                0x00000000100021a8       0x60 CMakeFiles/main.dir/lib/pico-sdk/src/rp2_common/pico_double/double_aeabi_rp2040.S.o
                0x00000000100021a8                __wrap___aeabi_drsub
                0x00000000100021ae                __wrap___aeabi_dsub
                0x00000000100021b8                __wrap___aeabi_dadd
                0x00000000100021c2                __wrap___aeabi_ddiv
                0x00000000100021f6                __wrap___aeabi_dmul
 .text.__wrap___aeabi_cdcmple
                0x0000000010002208       0x6c CMakeFiles/main.dir/lib/pico-sdk/src/rp2_common/pico_double/double_aeabi_rp2040.S.o
                0x0000000010002208                __wrap___aeabi_cdrcmple
                0x0000000010002218                __wrap___aeabi_cdcmple
                0x0000000010002218                __wrap___aeabi_cdcmpeq
 .text.__wrap___aeabi_dcmplt
                0x0000000010002274        0xc CMakeFiles/main.dir/lib/pico-sdk/src/rp2_common/pico_double/double_aeabi_rp2040.S.o
                0x0000000010002274                __wrap___aeabi_dcmplt
 .text.__wrap___aeabi_dcmple
                0x0000000010002280       0x10 CMakeFiles/main.dir/lib/pico-sdk/src/rp2_common/pico_double/double_aeabi_rp2040.S.o
                0x0000000010002280                __wrap___aeabi_dcmple
 .text.__wrap___aeabi_dcmpge
                0x0000000010002290       0x10 CMakeFiles/main.dir/lib/pico-sdk/src/rp2_common/pico_double/double_aeabi_rp2040.S.o
                0x0000000010002290                __wrap___aeabi_dcmpge
 .text.__wrap___aeabi_dcmpgt
                0x00000000100022a0        0xa CMakeFiles/main.dir/lib/pico-sdk/src/rp2_common/pico_double/double_aeabi_rp2040.S.o
                0x00000000100022a0                __wrap___aeabi_dcmpgt
 .text.__wrap___aeabi_dcmpun
                0x00000000100022aa       0x18 CMakeFiles/main.dir/lib/pico-sdk/src/rp2_common/pico_double/double_aeabi_rp2040.S.o
                0x00000000100022aa                __wrap___aeabi_dcmpun
 *fill*         0x00000000100022c2        0x2 
 .text.__wrap___aeabi_i2d
                0x00000000100022c4       0x38 CMakeFiles/main.dir/lib/pico-sdk/src/rp2_common/pico_double/double_aeabi_rp2040.S.o
                0x00000000100022c4                __wrap___aeabi_ui2d
                0x00000000100022c4                uint2double
                0x00000000100022cc                __wrap___aeabi_i2d
                0x00000000100022cc                int2double
 .text.__wrap___aeabi_d2iz
                0x00000000100022fc       0x48 CMakeFiles/main.dir/lib/pico-sdk/src/rp2_common/pico_double/double_aeabi_rp2040.S.o
                0x00000000100022fc                __wrap___aeabi_d2iz
                0x00000000100022fc                double2int_z
 .text.__wrap___aeabi_d2uiz
                0x0000000010002344       0x10 CMakeFiles/main.dir/lib/pico-sdk/src/rp2_common/pico_double/double_aeabi_rp2040.S.o
                0x0000000010002344                double2uint_z
                0x0000000010002344                double2uint
                0x0000000010002344                __wrap___aeabi_d2uiz
 .text.missing_double_func_shim
                0x0000000010002354        0xc CMakeFiles/main.dir/lib/pico-sdk/src/rp2_common/pico_double/double_init_rom_rp2040.c.o
 .text.__aeabi_double_init
                0x0000000010002360       0xa4 CMakeFiles/main.dir/lib/pico-sdk/src/rp2_common/pico_double/double_init_rom_rp2040.c.o
                0x0000000010002360                __aeabi_double_init
 .text.double_table_shim_on_use_helper
                0x0000000010002404       0x2c CMakeFiles/main.dir/lib/pico-sdk/src/rp2_common/pico_double/double_v1_rom_shim_rp2040.S.o
                0x0000000010002404                double_table_shim_on_use_helper
 .text.__aeabi_lmul
                0x0000000010002430       0x32 CMakeFiles/main.dir/lib/pico-sdk/src/rp2_common/pico_int64_ops/pico_int64_ops_aeabi.S.o
                0x0000000010002430                __wrap___aeabi_lmul
 *fill*         0x0000000010002462        0x2 
 .text.missing_float_func_shim
                0x0000000010002464        0xc CMakeFiles/main.dir/lib/pico-sdk/src/rp2_common/pico_float/float_init_rom_rp2040.c.o
 .text.__aeabi_float_init
                0x0000000010002470       0x5c CMakeFiles/main.dir/lib/pico-sdk/src/rp2_common/pico_float/float_init_rom_rp2040.c.o
                0x0000000010002470                __aeabi_float_init
 .text          0x00000000100024cc       0x10 CMakeFiles/main.dir/lib/pico-sdk/src/rp2_common/pico_mem_ops/mem_ops_aeabi.S.o
                0x00000000100024cc                __aeabi_mem_init
 .text.memset   0x00000000100024dc        0xc CMakeFiles/main.dir/lib/pico-sdk/src/rp2_common/pico_mem_ops/mem_ops_aeabi.S.o
                0x00000000100024dc                __wrap_memset
 .text.memcpy   0x00000000100024e8        0xc CMakeFiles/main.dir/lib/pico-sdk/src/rp2_common/pico_mem_ops/mem_ops_aeabi.S.o
                0x00000000100024e8                __wrap___aeabi_memcpy
                0x00000000100024e8                __wrap_memcpy
 .text._out_null
                0x00000000100024f4        0x4 CMakeFiles/main.dir/lib/pico-sdk/src/rp2_common/pico_printf/printf.c.o
 .text._out_rev
                0x00000000100024f8       0x9c CMakeFiles/main.dir/lib/pico-sdk/src/rp2_common/pico_printf/printf.c.o
 .text._ntoa_format
                0x0000000010002594      0x1cc CMakeFiles/main.dir/lib/pico-sdk/src/rp2_common/pico_printf/printf.c.o
 .text._out_char
                0x0000000010002760       0x10 CMakeFiles/main.dir/lib/pico-sdk/src/rp2_common/pico_printf/printf.c.o
 .text._out_fct
                0x0000000010002770       0x10 CMakeFiles/main.dir/lib/pico-sdk/src/rp2_common/pico_printf/printf.c.o
 .text._etoa    0x0000000010002780      0x44c CMakeFiles/main.dir/lib/pico-sdk/src/rp2_common/pico_printf/printf.c.o
 .text._ftoa    0x0000000010002bcc      0x398 CMakeFiles/main.dir/lib/pico-sdk/src/rp2_common/pico_printf/printf.c.o
 .text._vsnprintf
                0x0000000010002f64      0xb04 CMakeFiles/main.dir/lib/pico-sdk/src/rp2_common/pico_printf/printf.c.o
 .text.vfctprintf
                0x0000000010003a68       0x20 CMakeFiles/main.dir/lib/pico-sdk/src/rp2_common/pico_printf/printf.c.o
                0x0000000010003a68                vfctprintf
 .text.weak_raw_vprintf
                0x0000000010003a88       0x30 CMakeFiles/main.dir/lib/pico-sdk/src/rp2_common/pico_printf/printf.c.o
                0x0000000010003a88                weak_raw_vprintf
 .text._exit    0x0000000010003ab8        0x4 CMakeFiles/main.dir/lib/pico-sdk/src/rp2_common/pico_clib_interface/newlib_interface.c.o
                0x0000000010003ab8                _exit
 .text.exit     0x0000000010003abc        0x8 CMakeFiles/main.dir/lib/pico-sdk/src/rp2_common/pico_clib_interface/newlib_interface.c.o
                0x0000000010003abc                exit
 .text.runtime_init
                0x0000000010003ac4       0x2c CMakeFiles/main.dir/lib/pico-sdk/src/rp2_common/pico_clib_interface/newlib_interface.c.o
                0x0000000010003ac4                runtime_init
 .text.stdio_out_chars_no_crlf
                0x0000000010003af0       0x10 CMakeFiles/main.dir/lib/pico-sdk/src/rp2_common/pico_stdio/stdio.c.o
 .text.stdio_out_chars_crlf
                0x0000000010003b00       0xb4 CMakeFiles/main.dir/lib/pico-sdk/src/rp2_common/pico_stdio/stdio.c.o
 .text.stdio_buffered_printer
                0x0000000010003bb4       0x64 CMakeFiles/main.dir/lib/pico-sdk/src/rp2_common/pico_stdio/stdio.c.o
 .text.stdio_put_string
                0x0000000010003c18      0x100 CMakeFiles/main.dir/lib/pico-sdk/src/rp2_common/pico_stdio/stdio.c.o
                0x0000000010003c18                stdio_put_string
 .text.stdio_set_driver_enabled
                0x0000000010003d18       0x30 CMakeFiles/main.dir/lib/pico-sdk/src/rp2_common/pico_stdio/stdio.c.o
                0x0000000010003d18                stdio_set_driver_enabled
 .text.stdio_init_all
                0x0000000010003d48       0x10 CMakeFiles/main.dir/lib/pico-sdk/src/rp2_common/pico_stdio/stdio.c.o
                0x0000000010003d48                stdio_init_all
 .text.__wrap_putchar
                0x0000000010003d58       0x98 CMakeFiles/main.dir/lib/pico-sdk/src/rp2_common/pico_stdio/stdio.c.o
                0x0000000010003d58                stdio_putchar
                0x0000000010003d58                __wrap_putchar
 .text.__wrap_puts
                0x0000000010003df0       0x3c CMakeFiles/main.dir/lib/pico-sdk/src/rp2_common/pico_stdio/stdio.c.o
                0x0000000010003df0                __wrap_puts
                0x0000000010003df0                stdio_puts
 .text.__wrap_vprintf
                0x0000000010003e2c       0xd8 CMakeFiles/main.dir/lib/pico-sdk/src/rp2_common/pico_stdio/stdio.c.o
                0x0000000010003e2c                __wrap_vprintf
                0x0000000010003e2c                stdio_vprintf
 .text.__wrap_printf
                0x0000000010003f04       0x18 CMakeFiles/main.dir/lib/pico-sdk/src/rp2_common/pico_stdio/stdio.c.o
                0x0000000010003f04                stdio_printf
                0x0000000010003f04                __wrap_printf
 .text.stdio_uart_out_chars
                0x0000000010003f1c       0x4c CMakeFiles/main.dir/lib/pico-sdk/src/rp2_common/pico_stdio_uart/stdio_uart.c.o
 .text.stdio_uart_in_chars
                0x0000000010003f68       0x84 CMakeFiles/main.dir/lib/pico-sdk/src/rp2_common/pico_stdio_uart/stdio_uart.c.o
                0x0000000010003f68                stdio_uart_in_chars
 .text.on_uart_rx
                0x0000000010003fec       0x28 CMakeFiles/main.dir/lib/pico-sdk/src/rp2_common/pico_stdio_uart/stdio_uart.c.o
 .text.stdio_uart_out_flush
                0x0000000010004014       0x14 CMakeFiles/main.dir/lib/pico-sdk/src/rp2_common/pico_stdio_uart/stdio_uart.c.o
 .text.stdio_uart_set_chars_available_callback
                0x0000000010004028       0x88 CMakeFiles/main.dir/lib/pico-sdk/src/rp2_common/pico_stdio_uart/stdio_uart.c.o
 .text.stdio_uart_init
                0x00000000100040b0       0x50 CMakeFiles/main.dir/lib/pico-sdk/src/rp2_common/pico_stdio_uart/stdio_uart.c.o
                0x00000000100040b0                stdio_uart_init
 .text.resetd_init
                0x0000000010004100        0x4 CMakeFiles/main.dir/lib/pico-sdk/src/rp2_common/pico_stdio_usb/reset_interface.c.o
 .text.resetd_reset
                0x0000000010004104        0xc CMakeFiles/main.dir/lib/pico-sdk/src/rp2_common/pico_stdio_usb/reset_interface.c.o
 .text.resetd_open
                0x0000000010004110       0x28 CMakeFiles/main.dir/lib/pico-sdk/src/rp2_common/pico_stdio_usb/reset_interface.c.o
 .text.resetd_xfer_cb
                0x0000000010004138        0x4 CMakeFiles/main.dir/lib/pico-sdk/src/rp2_common/pico_stdio_usb/reset_interface.c.o
 .text.resetd_control_xfer_cb
                0x000000001000413c       0x60 CMakeFiles/main.dir/lib/pico-sdk/src/rp2_common/pico_stdio_usb/reset_interface.c.o
 .text.tud_descriptor_bos_cb
                0x000000001000419c        0x8 CMakeFiles/main.dir/lib/pico-sdk/src/rp2_common/pico_stdio_usb/reset_interface.c.o
                0x000000001000419c                tud_descriptor_bos_cb
 .text.tud_vendor_control_xfer_cb
                0x00000000100041a4       0x34 CMakeFiles/main.dir/lib/pico-sdk/src/rp2_common/pico_stdio_usb/reset_interface.c.o
                0x00000000100041a4                tud_vendor_control_xfer_cb
 .text.usbd_app_driver_get_cb
                0x00000000100041d8        0xc CMakeFiles/main.dir/lib/pico-sdk/src/rp2_common/pico_stdio_usb/reset_interface.c.o
                0x00000000100041d8                usbd_app_driver_get_cb
 .text.tud_cdc_line_coding_cb
                0x00000000100041e4       0x2c CMakeFiles/main.dir/lib/pico-sdk/src/rp2_common/pico_stdio_usb/reset_interface.c.o
                0x00000000100041e4                tud_cdc_line_coding_cb
 .text.stdio_usb_set_chars_available_callback
                0x0000000010004210       0x14 CMakeFiles/main.dir/lib/pico-sdk/src/rp2_common/pico_stdio_usb/stdio_usb.c.o
                0x0000000010004210                stdio_usb_set_chars_available_callback
 .text.usb_irq  0x0000000010004224       0x10 CMakeFiles/main.dir/lib/pico-sdk/src/rp2_common/pico_stdio_usb/stdio_usb.c.o
 .text.timer_task
                0x0000000010004234       0x64 CMakeFiles/main.dir/lib/pico-sdk/src/rp2_common/pico_stdio_usb/stdio_usb.c.o
 .text.stdio_usb_in_chars
                0x0000000010004298       0x90 CMakeFiles/main.dir/lib/pico-sdk/src/rp2_common/pico_stdio_usb/stdio_usb.c.o
                0x0000000010004298                stdio_usb_in_chars
 .text.stdio_usb_out_flush
                0x0000000010004328       0x50 CMakeFiles/main.dir/lib/pico-sdk/src/rp2_common/pico_stdio_usb/stdio_usb.c.o
 .text.stdio_usb_out_chars
                0x0000000010004378      0x100 CMakeFiles/main.dir/lib/pico-sdk/src/rp2_common/pico_stdio_usb/stdio_usb.c.o
 .text.low_priority_worker_irq
                0x0000000010004478       0xc8 CMakeFiles/main.dir/lib/pico-sdk/src/rp2_common/pico_stdio_usb/stdio_usb.c.o
 .text.stdio_usb_init
                0x0000000010004540       0xe8 CMakeFiles/main.dir/lib/pico-sdk/src/rp2_common/pico_stdio_usb/stdio_usb.c.o
                0x0000000010004540                stdio_usb_init
 .text.tud_descriptor_device_cb
                0x0000000010004628        0x8 CMakeFiles/main.dir/lib/pico-sdk/src/rp2_common/pico_stdio_usb/stdio_usb_descriptors.c.o
                0x0000000010004628                tud_descriptor_device_cb
 .text.tud_descriptor_configuration_cb
                0x0000000010004630        0x8 CMakeFiles/main.dir/lib/pico-sdk/src/rp2_common/pico_stdio_usb/stdio_usb_descriptors.c.o
                0x0000000010004630                tud_descriptor_configuration_cb
 .text.tud_descriptor_string_cb
                0x0000000010004638       0x74 CMakeFiles/main.dir/lib/pico-sdk/src/rp2_common/pico_stdio_usb/stdio_usb_descriptors.c.o
                0x0000000010004638                tud_descriptor_string_cb
 .text.startup._retrieve_unique_id_on_boot
                0x00000000100046ac       0x10 CMakeFiles/main.dir/lib/pico-sdk/src/rp2_common/pico_unique_id/unique_id.c.o
 .text.pico_get_unique_board_id
                0x00000000100046bc       0x10 CMakeFiles/main.dir/lib/pico-sdk/src/rp2_common/pico_unique_id/unique_id.c.o
                0x00000000100046bc                pico_get_unique_board_id
 .text.pico_get_unique_board_id_string
                0x00000000100046cc      0x1a8 CMakeFiles/main.dir/lib/pico-sdk/src/rp2_common/pico_unique_id/unique_id.c.o
                0x00000000100046cc                pico_get_unique_board_id_string
 .text.flash_get_unique_id
                0x0000000010004874       0x40 CMakeFiles/main.dir/lib/pico-sdk/src/rp2_common/hardware_flash/flash.c.o
                0x0000000010004874                flash_get_unique_id
 .text.dcd_init
                0x00000000100048b4       0x90 CMakeFiles/main.dir/lib/pico-sdk/lib/tinyusb/src/portable/raspberrypi/rp2040/dcd_rp2040.c.o
                0x00000000100048b4                dcd_init
 .text.dcd_int_enable
                0x0000000010004944        0xc CMakeFiles/main.dir/lib/pico-sdk/lib/tinyusb/src/portable/raspberrypi/rp2040/dcd_rp2040.c.o
                0x0000000010004944                dcd_int_enable
 .text.dcd_set_address
                0x0000000010004950       0x14 CMakeFiles/main.dir/lib/pico-sdk/lib/tinyusb/src/portable/raspberrypi/rp2040/dcd_rp2040.c.o
                0x0000000010004950                dcd_set_address
 .text.dcd_sof_enable
                0x0000000010004964       0x1c CMakeFiles/main.dir/lib/pico-sdk/lib/tinyusb/src/portable/raspberrypi/rp2040/dcd_rp2040.c.o
                0x0000000010004964                dcd_sof_enable
 .text.dcd_edpt0_status_complete
                0x0000000010004980       0x1c CMakeFiles/main.dir/lib/pico-sdk/lib/tinyusb/src/portable/raspberrypi/rp2040/dcd_rp2040.c.o
                0x0000000010004980                dcd_edpt0_status_complete
 .text.dcd_edpt_open
                0x000000001000499c      0x114 CMakeFiles/main.dir/lib/pico-sdk/lib/tinyusb/src/portable/raspberrypi/rp2040/dcd_rp2040.c.o
                0x000000001000499c                dcd_edpt_open
 .text.dcd_edpt_close_all
                0x0000000010004ab0        0x8 CMakeFiles/main.dir/lib/pico-sdk/lib/tinyusb/src/portable/raspberrypi/rp2040/dcd_rp2040.c.o
                0x0000000010004ab0                dcd_edpt_close_all
 .text.dcd_edpt_xfer
                0x0000000010004ab8       0x24 CMakeFiles/main.dir/lib/pico-sdk/lib/tinyusb/src/portable/raspberrypi/rp2040/dcd_rp2040.c.o
                0x0000000010004ab8                dcd_edpt_xfer
 .text.dcd_edpt_stall
                0x0000000010004adc       0x38 CMakeFiles/main.dir/lib/pico-sdk/lib/tinyusb/src/portable/raspberrypi/rp2040/dcd_rp2040.c.o
                0x0000000010004adc                dcd_edpt_stall
 .text.dcd_edpt_clear_stall
                0x0000000010004b14       0x30 CMakeFiles/main.dir/lib/pico-sdk/lib/tinyusb/src/portable/raspberrypi/rp2040/dcd_rp2040.c.o
                0x0000000010004b14                dcd_edpt_clear_stall
 .text.rp2040_usb_init
                0x0000000010004b44       0x40 CMakeFiles/main.dir/lib/pico-sdk/lib/tinyusb/src/portable/raspberrypi/rp2040/rp2040_usb.c.o
                0x0000000010004b44                rp2040_usb_init
 .text.hw_endpoint_xfer_start
                0x0000000010004b84       0x50 CMakeFiles/main.dir/lib/pico-sdk/lib/tinyusb/src/portable/raspberrypi/rp2040/rp2040_usb.c.o
                0x0000000010004b84                hw_endpoint_xfer_start
 .text.tud_event_hook_cb
                0x0000000010004bd4        0x4 CMakeFiles/main.dir/lib/pico-sdk/lib/tinyusb/src/device/usbd.c.o
                0x0000000010004bd4                tud_event_hook_cb
 .text.tud_sof_cb
                0x0000000010004bd8        0x4 CMakeFiles/main.dir/lib/pico-sdk/lib/tinyusb/src/device/usbd.c.o
                0x0000000010004bd8                tud_sof_cb
 .text.tud_descriptor_device_qualifier_cb
                0x0000000010004bdc        0x4 CMakeFiles/main.dir/lib/pico-sdk/lib/tinyusb/src/device/usbd.c.o
                0x0000000010004bdc                tud_descriptor_device_qualifier_cb
 .text.tud_descriptor_other_speed_configuration_cb
                0x0000000010004be0        0x4 CMakeFiles/main.dir/lib/pico-sdk/lib/tinyusb/src/device/usbd.c.o
                0x0000000010004be0                tud_descriptor_other_speed_configuration_cb
 .text.tud_mount_cb
                0x0000000010004be4        0x4 CMakeFiles/main.dir/lib/pico-sdk/lib/tinyusb/src/device/usbd.c.o
                0x0000000010004be4                tud_mount_cb
 .text.tud_umount_cb
                0x0000000010004be8        0x4 CMakeFiles/main.dir/lib/pico-sdk/lib/tinyusb/src/device/usbd.c.o
                0x0000000010004be8                tud_umount_cb
 .text.tud_suspend_cb
                0x0000000010004bec        0x4 CMakeFiles/main.dir/lib/pico-sdk/lib/tinyusb/src/device/usbd.c.o
                0x0000000010004bec                tud_suspend_cb
 .text.tud_resume_cb
                0x0000000010004bf0        0x4 CMakeFiles/main.dir/lib/pico-sdk/lib/tinyusb/src/device/usbd.c.o
                0x0000000010004bf0                tud_resume_cb
 .text.tud_mounted
                0x0000000010004bf4       0x10 CMakeFiles/main.dir/lib/pico-sdk/lib/tinyusb/src/device/usbd.c.o
                0x0000000010004bf4                tud_mounted
 .text.tud_suspended
                0x0000000010004c04       0x10 CMakeFiles/main.dir/lib/pico-sdk/lib/tinyusb/src/device/usbd.c.o
                0x0000000010004c04                tud_suspended
 .text.tud_rhport_init
                0x0000000010004c14       0xf4 CMakeFiles/main.dir/lib/pico-sdk/lib/tinyusb/src/device/usbd.c.o
                0x0000000010004c14                tud_rhport_init
 .text.tud_task_ext
                0x0000000010004d08      0x800 CMakeFiles/main.dir/lib/pico-sdk/lib/tinyusb/src/device/usbd.c.o
                0x0000000010004d08                tud_task_ext
 .text.usbd_open_edpt_pair
                0x0000000010005508       0x9c CMakeFiles/main.dir/lib/pico-sdk/lib/tinyusb/src/device/usbd.c.o
                0x0000000010005508                usbd_open_edpt_pair
 .text.usbd_edpt_open
                0x00000000100055a4       0x34 CMakeFiles/main.dir/lib/pico-sdk/lib/tinyusb/src/device/usbd.c.o
                0x00000000100055a4                usbd_edpt_open
 .text.usbd_edpt_claim
                0x00000000100055d8       0x28 CMakeFiles/main.dir/lib/pico-sdk/lib/tinyusb/src/device/usbd.c.o
                0x00000000100055d8                usbd_edpt_claim
 .text.usbd_edpt_release
                0x0000000010005600       0x28 CMakeFiles/main.dir/lib/pico-sdk/lib/tinyusb/src/device/usbd.c.o
                0x0000000010005600                usbd_edpt_release
 .text.usbd_edpt_xfer
                0x0000000010005628       0x4c CMakeFiles/main.dir/lib/pico-sdk/lib/tinyusb/src/device/usbd.c.o
                0x0000000010005628                usbd_edpt_xfer
 .text.tud_control_status
                0x0000000010005674       0x30 CMakeFiles/main.dir/lib/pico-sdk/lib/tinyusb/src/device/usbd_control.c.o
                0x0000000010005674                tud_control_status
 .text.tud_control_xfer
                0x00000000100056a4       0xbc CMakeFiles/main.dir/lib/pico-sdk/lib/tinyusb/src/device/usbd_control.c.o
                0x00000000100056a4                tud_control_xfer
 .text.usbd_control_reset
                0x0000000010005760       0x14 CMakeFiles/main.dir/lib/pico-sdk/lib/tinyusb/src/device/usbd_control.c.o
                0x0000000010005760                usbd_control_reset
 .text.usbd_control_set_complete_callback
                0x0000000010005774        0xc CMakeFiles/main.dir/lib/pico-sdk/lib/tinyusb/src/device/usbd_control.c.o
                0x0000000010005774                usbd_control_set_complete_callback
 .text.usbd_control_set_request
                0x0000000010005780       0x1c CMakeFiles/main.dir/lib/pico-sdk/lib/tinyusb/src/device/usbd_control.c.o
                0x0000000010005780                usbd_control_set_request
 .text.usbd_control_xfer_cb
                0x000000001000579c       0xf0 CMakeFiles/main.dir/lib/pico-sdk/lib/tinyusb/src/device/usbd_control.c.o
                0x000000001000579c                usbd_control_xfer_cb
 .text._prep_out_transaction.isra.0
                0x000000001000588c       0x6c CMakeFiles/main.dir/lib/pico-sdk/lib/tinyusb/src/class/cdc/cdc_device.c.o
 .text.tud_cdc_n_connected
                0x00000000100058f8       0x2c CMakeFiles/main.dir/lib/pico-sdk/lib/tinyusb/src/class/cdc/cdc_device.c.o
                0x00000000100058f8                tud_cdc_n_connected
 .text.tud_cdc_n_available
                0x0000000010005924       0x18 CMakeFiles/main.dir/lib/pico-sdk/lib/tinyusb/src/class/cdc/cdc_device.c.o
                0x0000000010005924                tud_cdc_n_available
 .text.tud_cdc_n_read
                0x000000001000593c       0x94 CMakeFiles/main.dir/lib/pico-sdk/lib/tinyusb/src/class/cdc/cdc_device.c.o
                0x000000001000593c                tud_cdc_n_read
 .text.tud_cdc_n_write_flush
                0x00000000100059d0       0x78 CMakeFiles/main.dir/lib/pico-sdk/lib/tinyusb/src/class/cdc/cdc_device.c.o
                0x00000000100059d0                tud_cdc_n_write_flush
 .text.tud_cdc_n_write
                0x0000000010005a48       0x44 CMakeFiles/main.dir/lib/pico-sdk/lib/tinyusb/src/class/cdc/cdc_device.c.o
                0x0000000010005a48                tud_cdc_n_write
 .text.tud_cdc_n_write_available
                0x0000000010005a8c       0x18 CMakeFiles/main.dir/lib/pico-sdk/lib/tinyusb/src/class/cdc/cdc_device.c.o
                0x0000000010005a8c                tud_cdc_n_write_available
 .text.cdcd_init
                0x0000000010005aa4       0x70 CMakeFiles/main.dir/lib/pico-sdk/lib/tinyusb/src/class/cdc/cdc_device.c.o
                0x0000000010005aa4                cdcd_init
 .text.cdcd_deinit
                0x0000000010005b14       0x24 CMakeFiles/main.dir/lib/pico-sdk/lib/tinyusb/src/class/cdc/cdc_device.c.o
                0x0000000010005b14                cdcd_deinit
 .text.cdcd_reset
                0x0000000010005b38       0x4c CMakeFiles/main.dir/lib/pico-sdk/lib/tinyusb/src/class/cdc/cdc_device.c.o
                0x0000000010005b38                cdcd_reset
 .text.cdcd_open
                0x0000000010005b84       0xa8 CMakeFiles/main.dir/lib/pico-sdk/lib/tinyusb/src/class/cdc/cdc_device.c.o
                0x0000000010005b84                cdcd_open
 .text.cdcd_control_xfer_cb
                0x0000000010005c2c       0xe8 CMakeFiles/main.dir/lib/pico-sdk/lib/tinyusb/src/class/cdc/cdc_device.c.o
                0x0000000010005c2c                cdcd_control_xfer_cb
 .text.cdcd_xfer_cb
                0x0000000010005d14       0xfc CMakeFiles/main.dir/lib/pico-sdk/lib/tinyusb/src/class/cdc/cdc_device.c.o
                0x0000000010005d14                cdcd_xfer_cb
 .text.vendord_init
                0x0000000010005e10       0x5c CMakeFiles/main.dir/lib/pico-sdk/lib/tinyusb/src/class/vendor/vendor_device.c.o
                0x0000000010005e10                vendord_init
 .text.vendord_deinit
                0x0000000010005e6c       0x1c CMakeFiles/main.dir/lib/pico-sdk/lib/tinyusb/src/class/vendor/vendor_device.c.o
                0x0000000010005e6c                vendord_deinit
 .text.vendord_reset
                0x0000000010005e88       0x28 CMakeFiles/main.dir/lib/pico-sdk/lib/tinyusb/src/class/vendor/vendor_device.c.o
                0x0000000010005e88                vendord_reset
 .text.vendord_open
                0x0000000010005eb0      0x128 CMakeFiles/main.dir/lib/pico-sdk/lib/tinyusb/src/class/vendor/vendor_device.c.o
                0x0000000010005eb0                vendord_open
 .text.vendord_xfer_cb
                0x0000000010005fd8       0x9c CMakeFiles/main.dir/lib/pico-sdk/lib/tinyusb/src/class/vendor/vendor_device.c.o
                0x0000000010005fd8                vendord_xfer_cb
 .text.tusb_rhport_init
                0x0000000010006074       0x48 CMakeFiles/main.dir/lib/pico-sdk/lib/tinyusb/src/tusb.c.o
                0x0000000010006074                tusb_rhport_init
 .text.tu_edpt_claim
                0x00000000100060bc       0x50 CMakeFiles/main.dir/lib/pico-sdk/lib/tinyusb/src/tusb.c.o
                0x00000000100060bc                tu_edpt_claim
 .text.tu_edpt_release
                0x000000001000610c       0x38 CMakeFiles/main.dir/lib/pico-sdk/lib/tinyusb/src/tusb.c.o
                0x000000001000610c                tu_edpt_release
 .text.tu_edpt_validate
                0x0000000010006144       0x78 CMakeFiles/main.dir/lib/pico-sdk/lib/tinyusb/src/tusb.c.o
                0x0000000010006144                tu_edpt_validate
 .text.tu_edpt_bind_driver
                0x00000000100061bc       0x34 CMakeFiles/main.dir/lib/pico-sdk/lib/tinyusb/src/tusb.c.o
                0x00000000100061bc                tu_edpt_bind_driver
 .text.tu_edpt_stream_init
                0x00000000100061f0       0x6c CMakeFiles/main.dir/lib/pico-sdk/lib/tinyusb/src/tusb.c.o
                0x00000000100061f0                tu_edpt_stream_init
 .text.tu_edpt_stream_deinit
                0x000000001000625c        0x4 CMakeFiles/main.dir/lib/pico-sdk/lib/tinyusb/src/tusb.c.o
                0x000000001000625c                tu_edpt_stream_deinit
 .text.tu_edpt_stream_write_zlp_if_needed
                0x0000000010006260       0x58 CMakeFiles/main.dir/lib/pico-sdk/lib/tinyusb/src/tusb.c.o
                0x0000000010006260                tu_edpt_stream_write_zlp_if_needed
 .text.tu_edpt_stream_write_xfer
                0x00000000100062b8       0x64 CMakeFiles/main.dir/lib/pico-sdk/lib/tinyusb/src/tusb.c.o
                0x00000000100062b8                tu_edpt_stream_write_xfer
 .text.tu_edpt_stream_read_xfer
                0x000000001000631c       0xdc CMakeFiles/main.dir/lib/pico-sdk/lib/tinyusb/src/tusb.c.o
                0x000000001000631c                tu_edpt_stream_read_xfer
 .text.tu_fifo_config
                0x00000000100063f8       0x70 CMakeFiles/main.dir/lib/pico-sdk/lib/tinyusb/src/common/tusb_fifo.c.o
                0x00000000100063f8                tu_fifo_config
 .text.tu_fifo_count
                0x0000000010006468       0x2c CMakeFiles/main.dir/lib/pico-sdk/lib/tinyusb/src/common/tusb_fifo.c.o
                0x0000000010006468                tu_fifo_count
 .text.tu_fifo_empty
                0x0000000010006494       0x10 CMakeFiles/main.dir/lib/pico-sdk/lib/tinyusb/src/common/tusb_fifo.c.o
                0x0000000010006494                tu_fifo_empty
 .text.tu_fifo_remaining
                0x00000000100064a4       0x2c CMakeFiles/main.dir/lib/pico-sdk/lib/tinyusb/src/common/tusb_fifo.c.o
                0x00000000100064a4                tu_fifo_remaining
 .text.tu_fifo_read
                0x00000000100064d0       0xa0 CMakeFiles/main.dir/lib/pico-sdk/lib/tinyusb/src/common/tusb_fifo.c.o
                0x00000000100064d0                tu_fifo_read
 .text.tu_fifo_read_n
                0x0000000010006570       0xec CMakeFiles/main.dir/lib/pico-sdk/lib/tinyusb/src/common/tusb_fifo.c.o
                0x0000000010006570                tu_fifo_read_n
 .text.tu_fifo_write
                0x000000001000665c       0x88 CMakeFiles/main.dir/lib/pico-sdk/lib/tinyusb/src/common/tusb_fifo.c.o
                0x000000001000665c                tu_fifo_write
 .text.tu_fifo_write_n
                0x00000000100066e4      0x168 CMakeFiles/main.dir/lib/pico-sdk/lib/tinyusb/src/common/tusb_fifo.c.o
                0x00000000100066e4                tu_fifo_write_n
 .text.tu_fifo_clear
                0x000000001000684c       0x40 CMakeFiles/main.dir/lib/pico-sdk/lib/tinyusb/src/common/tusb_fifo.c.o
                0x000000001000684c                tu_fifo_clear
 .text.tu_fifo_set_overwritable
                0x000000001000688c       0x48 CMakeFiles/main.dir/lib/pico-sdk/lib/tinyusb/src/common/tusb_fifo.c.o
                0x000000001000688c                tu_fifo_set_overwritable
 .text.cyw43_arch_set_async_context
                0x00000000100068d4        0xc CMakeFiles/main.dir/lib/pico-sdk/src/rp2_common/pico_cyw43_arch/cyw43_arch.c.o
                0x00000000100068d4                cyw43_arch_set_async_context
 .text.cyw43_arch_gpio_put
                0x00000000100068e0       0x14 CMakeFiles/main.dir/lib/pico-sdk/src/rp2_common/pico_cyw43_arch/cyw43_arch.c.o
                0x00000000100068e0                cyw43_arch_gpio_put
 .text.cyw43_arch_async_context
                0x00000000100068f4        0xc CMakeFiles/main.dir/lib/pico-sdk/src/rp2_common/pico_cyw43_arch/cyw43_arch.c.o
                0x00000000100068f4                cyw43_arch_async_context
 .text.cyw43_arch_init
                0x0000000010006900       0x6c CMakeFiles/main.dir/lib/pico-sdk/src/rp2_common/pico_cyw43_arch/cyw43_arch_threadsafe_background.c.o
                0x0000000010006900                cyw43_arch_init
 .text.ns_delay.constprop.0
                0x000000001000696c       0x20 CMakeFiles/main.dir/lib/pico-sdk/src/rp2_common/pico_cyw43_driver/cyw43_bus_pio_spi.c.o
 .text.cyw43_spi_deinit
                0x000000001000698c       0x6c CMakeFiles/main.dir/lib/pico-sdk/src/rp2_common/pico_cyw43_driver/cyw43_bus_pio_spi.c.o
                0x000000001000698c                cyw43_spi_deinit
 .text.cyw43_spi_init
                0x00000000100069f8      0x12c CMakeFiles/main.dir/lib/pico-sdk/src/rp2_common/pico_cyw43_driver/cyw43_bus_pio_spi.c.o
                0x00000000100069f8                cyw43_spi_init
 .text.cyw43_spi_transfer
                0x0000000010006b24      0x410 CMakeFiles/main.dir/lib/pico-sdk/src/rp2_common/pico_cyw43_driver/cyw43_bus_pio_spi.c.o
                0x0000000010006b24                cyw43_spi_transfer
 .text.cyw43_spi_gpio_setup
                0x0000000010006f34       0x3c CMakeFiles/main.dir/lib/pico-sdk/src/rp2_common/pico_cyw43_driver/cyw43_bus_pio_spi.c.o
                0x0000000010006f34                cyw43_spi_gpio_setup
 .text.cyw43_spi_reset
                0x0000000010006f70       0x28 CMakeFiles/main.dir/lib/pico-sdk/src/rp2_common/pico_cyw43_driver/cyw43_bus_pio_spi.c.o
                0x0000000010006f70                cyw43_spi_reset
 .text.read_reg_u32_swap
                0x0000000010006f98       0x3c CMakeFiles/main.dir/lib/pico-sdk/src/rp2_common/pico_cyw43_driver/cyw43_bus_pio_spi.c.o
                0x0000000010006f98                read_reg_u32_swap
 .text.cyw43_read_reg_u32
                0x0000000010006fd4       0x6c CMakeFiles/main.dir/lib/pico-sdk/src/rp2_common/pico_cyw43_driver/cyw43_bus_pio_spi.c.o
                0x0000000010006fd4                cyw43_read_reg_u32
 .text.cyw43_read_reg_u16
                0x0000000010007040       0x6c CMakeFiles/main.dir/lib/pico-sdk/src/rp2_common/pico_cyw43_driver/cyw43_bus_pio_spi.c.o
                0x0000000010007040                cyw43_read_reg_u16
 .text.cyw43_read_reg_u8
                0x00000000100070ac       0x6c CMakeFiles/main.dir/lib/pico-sdk/src/rp2_common/pico_cyw43_driver/cyw43_bus_pio_spi.c.o
                0x00000000100070ac                cyw43_read_reg_u8
 .text.write_reg_u32_swap
                0x0000000010007118      0x208 CMakeFiles/main.dir/lib/pico-sdk/src/rp2_common/pico_cyw43_driver/cyw43_bus_pio_spi.c.o
                0x0000000010007118                write_reg_u32_swap
 .text.cyw43_write_reg_u32
                0x0000000010007320      0x228 CMakeFiles/main.dir/lib/pico-sdk/src/rp2_common/pico_cyw43_driver/cyw43_bus_pio_spi.c.o
                0x0000000010007320                cyw43_write_reg_u32
 .text.cyw43_write_reg_u16
                0x0000000010007548      0x228 CMakeFiles/main.dir/lib/pico-sdk/src/rp2_common/pico_cyw43_driver/cyw43_bus_pio_spi.c.o
                0x0000000010007548                cyw43_write_reg_u16
 .text.cyw43_write_reg_u8
                0x0000000010007770      0x228 CMakeFiles/main.dir/lib/pico-sdk/src/rp2_common/pico_cyw43_driver/cyw43_bus_pio_spi.c.o
                0x0000000010007770                cyw43_write_reg_u8
 .text.cyw43_read_bytes
                0x0000000010007998       0x78 CMakeFiles/main.dir/lib/pico-sdk/src/rp2_common/pico_cyw43_driver/cyw43_bus_pio_spi.c.o
                0x0000000010007998                cyw43_read_bytes
 .text.cyw43_write_bytes
                0x0000000010007a10       0xec CMakeFiles/main.dir/lib/pico-sdk/src/rp2_common/pico_cyw43_driver/cyw43_bus_pio_spi.c.o
                0x0000000010007a10                cyw43_write_bytes
 .text.cyw43_set_backplane_window
                0x0000000010007afc       0x64 CMakeFiles/main.dir/lib/pico-sdk/lib/cyw43-driver/src/cyw43_ll.c.o
 .text.cyw43_ll_parse_async_event
                0x0000000010007b60      0x13c CMakeFiles/main.dir/lib/pico-sdk/lib/cyw43-driver/src/cyw43_ll.c.o
 .text.cyw43_kso_set
                0x0000000010007c9c       0xa0 CMakeFiles/main.dir/lib/pico-sdk/lib/cyw43-driver/src/cyw43_ll.c.o
 .text.cyw43_ll_sdpcm_poll_device
                0x0000000010007d3c      0x238 CMakeFiles/main.dir/lib/pico-sdk/lib/cyw43-driver/src/cyw43_ll.c.o
 .text.cyw43_sdpcm_send_common
                0x0000000010007f74       0xf8 CMakeFiles/main.dir/lib/pico-sdk/lib/cyw43-driver/src/cyw43_ll.c.o
 .text.cyw43_do_ioctl.part.0
                0x000000001000806c       0xc4 CMakeFiles/main.dir/lib/pico-sdk/lib/cyw43-driver/src/cyw43_ll.c.o
 .text.cyw43_download_resource
                0x0000000010008130       0xd0 CMakeFiles/main.dir/lib/pico-sdk/lib/cyw43-driver/src/cyw43_ll.c.o
 .text.cyw43_write_iovar_n
                0x0000000010008200       0x8c CMakeFiles/main.dir/lib/pico-sdk/lib/cyw43-driver/src/cyw43_ll.c.o
 .text.cyw43_write_iovar_u32
                0x000000001000828c       0xa4 CMakeFiles/main.dir/lib/pico-sdk/lib/cyw43-driver/src/cyw43_ll.c.o
 .text.cyw43_read_backplane.constprop.0
                0x0000000010008330       0xdc CMakeFiles/main.dir/lib/pico-sdk/lib/cyw43-driver/src/cyw43_ll.c.o
 .text.cyw43_write_backplane
                0x000000001000840c      0x104 CMakeFiles/main.dir/lib/pico-sdk/lib/cyw43-driver/src/cyw43_ll.c.o
 .text.reset_device_core.constprop.0
                0x0000000010008510      0x3f0 CMakeFiles/main.dir/lib/pico-sdk/lib/cyw43-driver/src/cyw43_ll.c.o
 .text.cyw43_ll_init
                0x0000000010008900       0x1c CMakeFiles/main.dir/lib/pico-sdk/lib/cyw43-driver/src/cyw43_ll.c.o
                0x0000000010008900                cyw43_ll_init
 .text.cyw43_ll_deinit
                0x000000001000891c        0x8 CMakeFiles/main.dir/lib/pico-sdk/lib/cyw43-driver/src/cyw43_ll.c.o
                0x000000001000891c                cyw43_ll_deinit
 .text.cyw43_ll_process_packets
                0x0000000010008924       0x54 CMakeFiles/main.dir/lib/pico-sdk/lib/cyw43-driver/src/cyw43_ll.c.o
                0x0000000010008924                cyw43_ll_process_packets
 .text.cyw43_ll_ioctl
                0x0000000010008978       0x80 CMakeFiles/main.dir/lib/pico-sdk/lib/cyw43-driver/src/cyw43_ll.c.o
                0x0000000010008978                cyw43_ll_ioctl
 .text.cyw43_ll_bus_sleep
                0x00000000100089f8       0x34 CMakeFiles/main.dir/lib/pico-sdk/lib/cyw43-driver/src/cyw43_ll.c.o
                0x00000000100089f8                cyw43_ll_bus_sleep
 .text.cyw43_ll_wifi_get_mac
                0x0000000010008a2c       0x74 CMakeFiles/main.dir/lib/pico-sdk/lib/cyw43-driver/src/cyw43_ll.c.o
                0x0000000010008a2c                cyw43_ll_wifi_get_mac
 .text.cyw43_ll_bus_init
                0x0000000010008aa0      0x90c CMakeFiles/main.dir/lib/pico-sdk/lib/cyw43-driver/src/cyw43_ll.c.o
                0x0000000010008aa0                cyw43_ll_bus_init
 .text.cyw43_ll_wifi_set_wpa_auth
                0x00000000100093ac       0x4c CMakeFiles/main.dir/lib/pico-sdk/lib/cyw43-driver/src/cyw43_ll.c.o
                0x00000000100093ac                cyw43_ll_wifi_set_wpa_auth
 .text.cyw43_ll_wifi_rejoin
                0x00000000100093f8       0x58 CMakeFiles/main.dir/lib/pico-sdk/lib/cyw43-driver/src/cyw43_ll.c.o
                0x00000000100093f8                cyw43_ll_wifi_rejoin
 .text.cyw43_ll_gpio_set
                0x0000000010009450       0x9c CMakeFiles/main.dir/lib/pico-sdk/lib/cyw43-driver/src/cyw43_ll.c.o
                0x0000000010009450                cyw43_ll_gpio_set
 .text.cyw43_ll_has_work
                0x00000000100094ec       0x14 CMakeFiles/main.dir/lib/pico-sdk/lib/cyw43-driver/src/cyw43_ll.c.o
                0x00000000100094ec                cyw43_ll_has_work
 .text.cyw43_poll_func
                0x0000000010009500       0xc0 CMakeFiles/main.dir/lib/pico-sdk/lib/cyw43-driver/src/cyw43_ctrl.c.o
 .text.cyw43_init
                0x00000000100095c0       0x6c CMakeFiles/main.dir/lib/pico-sdk/lib/cyw43-driver/src/cyw43_ctrl.c.o
                0x00000000100095c0                cyw43_init
 .text.cyw43_deinit
                0x000000001000962c       0x90 CMakeFiles/main.dir/lib/pico-sdk/lib/cyw43-driver/src/cyw43_ctrl.c.o
                0x000000001000962c                cyw43_deinit
 .text.cyw43_cb_read_host_interrupt_pin
                0x00000000100096bc        0xc CMakeFiles/main.dir/lib/pico-sdk/lib/cyw43-driver/src/cyw43_ctrl.c.o
                0x00000000100096bc                cyw43_cb_read_host_interrupt_pin
 .text.cyw43_cb_ensure_awake
                0x00000000100096c8        0xc CMakeFiles/main.dir/lib/pico-sdk/lib/cyw43-driver/src/cyw43_ctrl.c.o
                0x00000000100096c8                cyw43_cb_ensure_awake
 .text.cyw43_cb_process_async_event
                0x00000000100096d4      0x234 CMakeFiles/main.dir/lib/pico-sdk/lib/cyw43-driver/src/cyw43_ctrl.c.o
                0x00000000100096d4                cyw43_cb_process_async_event
 .text.cyw43_gpio_set
                0x0000000010009908       0xa0 CMakeFiles/main.dir/lib/pico-sdk/lib/cyw43-driver/src/cyw43_ctrl.c.o
                0x0000000010009908                cyw43_gpio_set
 .text.pio_sm_set_pindirs_with_mask64
                0x00000000100099a8       0xa4 CMakeFiles/main.dir/lib/pico-sdk/src/rp2_common/hardware_pio/pio.c.o
                0x00000000100099a8                pio_sm_set_pindirs_with_mask64
 .text.pio_sm_set_consecutive_pindirs
                0x0000000010009a4c       0xbc CMakeFiles/main.dir/lib/pico-sdk/src/rp2_common/hardware_pio/pio.c.o
                0x0000000010009a4c                pio_sm_set_consecutive_pindirs
 .text.pio_claim_free_sm_and_add_program_for_gpio_range
                0x0000000010009b08      0x190 CMakeFiles/main.dir/lib/pico-sdk/src/rp2_common/hardware_pio/pio.c.o
                0x0000000010009b08                pio_claim_free_sm_and_add_program_for_gpio_range
 .text.pio_remove_program_and_unclaim_sm
                0x0000000010009c98       0x40 CMakeFiles/main.dir/lib/pico-sdk/src/rp2_common/hardware_pio/pio.c.o
                0x0000000010009c98                pio_remove_program_and_unclaim_sm
 .text.dma_channel_unclaim
                0x0000000010009cd8       0x10 CMakeFiles/main.dir/lib/pico-sdk/src/rp2_common/hardware_dma/dma.c.o
                0x0000000010009cd8                dma_channel_unclaim
 .text.dma_claim_unused_channel
                0x0000000010009ce8       0x20 CMakeFiles/main.dir/lib/pico-sdk/src/rp2_common/hardware_dma/dma.c.o
                0x0000000010009ce8                dma_claim_unused_channel
 .text.dma_channel_cleanup
                0x0000000010009d08       0x64 CMakeFiles/main.dir/lib/pico-sdk/src/rp2_common/hardware_dma/dma.c.o
                0x0000000010009d08                dma_channel_cleanup
 .text.cyw43_sleep_timeout_reached
                0x0000000010009d6c       0x10 CMakeFiles/main.dir/lib/pico-sdk/src/rp2_common/pico_cyw43_driver/cyw43_driver.c.o
 .text.cyw43_irq_init
                0x0000000010009d7c       0x28 CMakeFiles/main.dir/lib/pico-sdk/src/rp2_common/pico_cyw43_driver/cyw43_driver.c.o
                0x0000000010009d7c                cyw43_irq_init
 .text.cyw43_irq_deinit
                0x0000000010009da4       0x20 CMakeFiles/main.dir/lib/pico-sdk/src/rp2_common/pico_cyw43_driver/cyw43_driver.c.o
                0x0000000010009da4                cyw43_irq_deinit
 .text.cyw43_gpio_irq_handler
                0x0000000010009dc4       0x44 CMakeFiles/main.dir/lib/pico-sdk/src/rp2_common/pico_cyw43_driver/cyw43_driver.c.o
 .text.cyw43_do_poll
                0x0000000010009e08       0x6c CMakeFiles/main.dir/lib/pico-sdk/src/rp2_common/pico_cyw43_driver/cyw43_driver.c.o
 .text.cyw43_post_poll_hook
                0x0000000010009e74       0x10 CMakeFiles/main.dir/lib/pico-sdk/src/rp2_common/pico_cyw43_driver/cyw43_driver.c.o
                0x0000000010009e74                cyw43_post_poll_hook
 .text.cyw43_schedule_internal_poll_dispatch
                0x0000000010009e84       0x18 CMakeFiles/main.dir/lib/pico-sdk/src/rp2_common/pico_cyw43_driver/cyw43_driver.c.o
                0x0000000010009e84                cyw43_schedule_internal_poll_dispatch
 .text.cyw43_driver_init
                0x0000000010009e9c       0x38 CMakeFiles/main.dir/lib/pico-sdk/src/rp2_common/pico_cyw43_driver/cyw43_driver.c.o
                0x0000000010009e9c                cyw43_driver_init
 .text.cyw43_driver_deinit
                0x0000000010009ed4       0x44 CMakeFiles/main.dir/lib/pico-sdk/src/rp2_common/pico_cyw43_driver/cyw43_driver.c.o
                0x0000000010009ed4                cyw43_driver_deinit
 .text.cyw43_hal_generate_laa_mac
                0x0000000010009f18       0x28 CMakeFiles/main.dir/lib/pico-sdk/src/rp2_common/pico_cyw43_driver/cyw43_driver.c.o
                0x0000000010009f18                cyw43_hal_generate_laa_mac
 .text.cyw43_thread_enter
                0x0000000010009f40       0x14 CMakeFiles/main.dir/lib/pico-sdk/src/rp2_common/pico_cyw43_driver/cyw43_driver.c.o
                0x0000000010009f40                cyw43_thread_enter
 .text.cyw43_thread_exit
                0x0000000010009f54       0x14 CMakeFiles/main.dir/lib/pico-sdk/src/rp2_common/pico_cyw43_driver/cyw43_driver.c.o
                0x0000000010009f54                cyw43_thread_exit
 .text.cyw43_await_background_or_timeout_us
                0x0000000010009f68       0x60 CMakeFiles/main.dir/lib/pico-sdk/src/rp2_common/pico_cyw43_driver/cyw43_driver.c.o
                0x0000000010009f68                cyw43_await_background_or_timeout_us
 .text.cyw43_delay_ms
                0x0000000010009fc8       0x44 CMakeFiles/main.dir/lib/pico-sdk/src/rp2_common/pico_cyw43_driver/cyw43_driver.c.o
                0x0000000010009fc8                cyw43_delay_ms
 .text.cyw43_cb_tcpip_deinit
                0x000000001000a00c        0x4 CMakeFiles/main.dir/lib/pico-sdk/src/rp2_common/pico_cyw43_driver/cyw43_driver.c.o
                0x000000001000a00c                cyw43_cb_tcpip_deinit
 .text.cyw43_cb_tcpip_set_link_up
                0x000000001000a010        0xc CMakeFiles/main.dir/lib/pico-sdk/src/rp2_common/pico_cyw43_driver/cyw43_driver.c.o
                0x000000001000a010                cyw43_cb_tcpip_set_link_up
 .text.cyw43_cb_tcpip_set_link_down
                0x000000001000a01c        0xc CMakeFiles/main.dir/lib/pico-sdk/src/rp2_common/pico_cyw43_driver/cyw43_driver.c.o
                0x000000001000a01c                cyw43_cb_tcpip_set_link_down
 .text.cyw43_cb_process_ethernet
                0x000000001000a028        0xc CMakeFiles/main.dir/lib/pico-sdk/src/rp2_common/pico_cyw43_driver/cyw43_driver.c.o
                0x000000001000a028                cyw43_cb_process_ethernet
 .text.async_context_threadsafe_background_acquire_lock_blocking
                0x000000001000a034        0xc CMakeFiles/main.dir/lib/pico-sdk/src/rp2_common/pico_async_context/async_context_threadsafe_background.c.o
 .text.alarm_handler
                0x000000001000a040       0x20 CMakeFiles/main.dir/lib/pico-sdk/src/rp2_common/pico_async_context/async_context_threadsafe_background.c.o
 .text.async_context_threadsafe_background_set_work_pending
                0x000000001000a060       0x1c CMakeFiles/main.dir/lib/pico-sdk/src/rp2_common/pico_async_context/async_context_threadsafe_background.c.o
 .text.process_under_lock
                0x000000001000a07c       0xc8 CMakeFiles/main.dir/lib/pico-sdk/src/rp2_common/pico_async_context/async_context_threadsafe_background.c.o
 .text.async_context_threadsafe_background_execute_sync
                0x000000001000a144       0x30 CMakeFiles/main.dir/lib/pico-sdk/src/rp2_common/pico_async_context/async_context_threadsafe_background.c.o
                0x000000001000a144                async_context_threadsafe_background_execute_sync
 .text.async_context_threadsafe_background_deinit
                0x000000001000a174       0x54 CMakeFiles/main.dir/lib/pico-sdk/src/rp2_common/pico_async_context/async_context_threadsafe_background.c.o
 .text.low_priority_irq_handler
                0x000000001000a1c8       0x3c CMakeFiles/main.dir/lib/pico-sdk/src/rp2_common/pico_async_context/async_context_threadsafe_background.c.o
 .text.async_context_threadsafe_background_wait_for_work_until
                0x000000001000a204        0xc CMakeFiles/main.dir/lib/pico-sdk/src/rp2_common/pico_async_context/async_context_threadsafe_background.c.o
 .text.async_context_threadsafe_background_wait_until
                0x000000001000a210       0x1c CMakeFiles/main.dir/lib/pico-sdk/src/rp2_common/pico_async_context/async_context_threadsafe_background.c.o
 .text.async_context_threadsafe_background_lock_check
                0x000000001000a22c       0x28 CMakeFiles/main.dir/lib/pico-sdk/src/rp2_common/pico_async_context/async_context_threadsafe_background.c.o
 .text.async_context_threadsafe_background_release_lock
                0x000000001000a254       0x1c CMakeFiles/main.dir/lib/pico-sdk/src/rp2_common/pico_async_context/async_context_threadsafe_background.c.o
 .text.async_context_threadsafe_background_when_pending_worker
                0x000000001000a270       0x34 CMakeFiles/main.dir/lib/pico-sdk/src/rp2_common/pico_async_context/async_context_threadsafe_background.c.o
 .text.async_context_threadsafe_background_remove_at_time_worker
                0x000000001000a2a4       0x34 CMakeFiles/main.dir/lib/pico-sdk/src/rp2_common/pico_async_context/async_context_threadsafe_background.c.o
 .text.async_context_threadsafe_background_add_when_pending_worker
                0x000000001000a2d8       0x34 CMakeFiles/main.dir/lib/pico-sdk/src/rp2_common/pico_async_context/async_context_threadsafe_background.c.o
 .text.async_context_threadsafe_background_add_at_time_worker
                0x000000001000a30c       0x34 CMakeFiles/main.dir/lib/pico-sdk/src/rp2_common/pico_async_context/async_context_threadsafe_background.c.o
 .text.async_context_threadsafe_background_default_config
                0x000000001000a340        0xc CMakeFiles/main.dir/lib/pico-sdk/src/rp2_common/pico_async_context/async_context_threadsafe_background.c.o
                0x000000001000a340                async_context_threadsafe_background_default_config
 .text.async_context_threadsafe_background_init
                0x000000001000a34c       0x8c CMakeFiles/main.dir/lib/pico-sdk/src/rp2_common/pico_async_context/async_context_threadsafe_background.c.o
                0x000000001000a34c                async_context_threadsafe_background_init
 .text.async_context_base_add_at_time_worker
                0x000000001000a3d8       0x28 CMakeFiles/main.dir/lib/pico-sdk/src/rp2_common/pico_async_context/async_context_base.c.o
                0x000000001000a3d8                async_context_base_add_at_time_worker
 .text.async_context_base_remove_at_time_worker
                0x000000001000a400       0x28 CMakeFiles/main.dir/lib/pico-sdk/src/rp2_common/pico_async_context/async_context_base.c.o
                0x000000001000a400                async_context_base_remove_at_time_worker
 .text.async_context_base_add_when_pending_worker
                0x000000001000a428       0x24 CMakeFiles/main.dir/lib/pico-sdk/src/rp2_common/pico_async_context/async_context_base.c.o
                0x000000001000a428                async_context_base_add_when_pending_worker
 .text.async_context_base_remove_when_pending_worker
                0x000000001000a44c       0x28 CMakeFiles/main.dir/lib/pico-sdk/src/rp2_common/pico_async_context/async_context_base.c.o
                0x000000001000a44c                async_context_base_remove_when_pending_worker
 .text.async_context_base_execute_once
                0x000000001000a474       0xe8 CMakeFiles/main.dir/lib/pico-sdk/src/rp2_common/pico_async_context/async_context_base.c.o
                0x000000001000a474                async_context_base_execute_once
 .text          0x000000001000a55c       0xac /usr/lib/gcc/arm-none-eabi/10.3.1/../../../arm-none-eabi/lib/thumb/v6-m/nofp/libg.a(lib_a-memmove.o)
                0x000000001000a55c                memmove
 .text          0x000000001000a608       0x5c /usr/lib/gcc/arm-none-eabi/10.3.1/../../../arm-none-eabi/lib/thumb/v6-m/nofp/libg.a(lib_a-strlen-stub.o)
                0x000000001000a608                strlen
 .text          0x000000001000a664       0x74 /usr/lib/gcc/arm-none-eabi/10.3.1/../../../arm-none-eabi/lib/thumb/v6-m/nofp/libg.a(lib_a-strncmp.o)
                0x000000001000a664                strncmp
 *(.fini)
 .fini          0x000000001000a6d8        0x4 /usr/lib/gcc/arm-none-eabi/10.3.1/thumb/v6-m/nofp/crti.o
                0x000000001000a6d8                _fini
 *fill*         0x000000001000a6dc        0x4 
 .fini.__stub   0x000000001000a6e0      0x120 linker stubs
 *crtbegin.o(.ctors)
 *crtbegin?.o(.ctors)
 *(EXCLUDE_FILE(*crtend.o *crtend?.o) .ctors)
 *(SORT_BY_NAME(.ctors.*))
 *(.ctors)
 *crtbegin.o(.dtors)
 *crtbegin?.o(.dtors)
 *(EXCLUDE_FILE(*crtend.o *crtend?.o) .dtors)
 *(SORT_BY_NAME(.dtors.*))
 *(.dtors)
                0x000000001000a800                . = ALIGN (0x4)
                0x000000001000a800                PROVIDE (__preinit_array_start = .)
 *(SORT_BY_NAME(.preinit_array.*))
 .preinit_array.00100
                0x000000001000a800        0x4 CMakeFiles/main.dir/lib/pico-sdk/src/rp2_common/pico_runtime_init/runtime_init.c.o
                0x000000001000a800                __pre_init_runtime_init_early_resets
 .preinit_array.00101
                0x000000001000a804        0x4 CMakeFiles/main.dir/lib/pico-sdk/src/rp2_common/pico_runtime_init/runtime_init.c.o
                0x000000001000a804                __pre_init_runtime_init_usb_power_down
 .preinit_array.00275
                0x000000001000a808        0x4 CMakeFiles/main.dir/lib/pico-sdk/src/rp2_common/pico_bit_ops/bit_ops_aeabi.S.o
 .preinit_array.00300
                0x000000001000a80c        0x4 CMakeFiles/main.dir/lib/pico-sdk/src/rp2_common/pico_mem_ops/mem_ops_aeabi.S.o
 .preinit_array.00350
                0x000000001000a810        0x4 CMakeFiles/main.dir/lib/pico-sdk/src/rp2_common/pico_double/double_aeabi_rp2040.S.o
 .preinit_array.00350
                0x000000001000a814        0x4 CMakeFiles/main.dir/lib/pico-sdk/src/rp2_common/pico_float/float_aeabi_rp2040.S.o
 .preinit_array.00500
                0x000000001000a818        0x4 CMakeFiles/main.dir/lib/pico-sdk/src/rp2_common/pico_runtime_init/runtime_init.c.o
                0x000000001000a818                __pre_init_runtime_init_clocks
 .preinit_array.00600
                0x000000001000a81c        0x4 CMakeFiles/main.dir/lib/pico-sdk/src/rp2_common/pico_runtime_init/runtime_init.c.o
                0x000000001000a81c                __pre_init_runtime_init_post_clock_resets
 .preinit_array.00700
                0x000000001000a820        0x4 CMakeFiles/main.dir/lib/pico-sdk/src/rp2_common/pico_runtime_init/runtime_init.c.o
                0x000000001000a820                __pre_init_runtime_init_rp2040_gpio_ie_disable
 .preinit_array.01000
                0x000000001000a824        0x4 CMakeFiles/main.dir/lib/pico-sdk/src/rp2_common/pico_runtime_init/runtime_init.c.o
                0x000000001000a824                __pre_init_runtime_init_spin_locks_reset
 .preinit_array.01100
                0x000000001000a828        0x4 CMakeFiles/main.dir/lib/pico-sdk/src/common/pico_sync/mutex.c.o
                0x000000001000a828                __pre_init_runtime_init_mutex
 .preinit_array.10080
                0x000000001000a82c        0x4 CMakeFiles/main.dir/lib/pico-sdk/src/rp2_common/pico_runtime_init/runtime_init.c.o
                0x000000001000a82c                __pre_init_runtime_init_install_ram_vector_table
 .preinit_array.11000
                0x000000001000a830        0x4 CMakeFiles/main.dir/lib/pico-sdk/src/common/pico_time/time.c.o
                0x000000001000a830                __pre_init_runtime_init_default_alarm_pool
 .preinit_array.YYYYY
                0x000000001000a834        0x4 CMakeFiles/main.dir/lib/pico-sdk/src/rp2_common/pico_runtime/runtime.c.o
                0x000000001000a834                __pre_init_first_per_core_initializer
 .preinit_array.ZZZZZ.01200
                0x000000001000a838        0x4 CMakeFiles/main.dir/lib/pico-sdk/src/rp2_common/hardware_irq/irq.c.o
                0x000000001000a838                __pre_init_runtime_init_per_core_irq_priorities
 *(.preinit_array)
                0x000000001000a83c                PROVIDE (__preinit_array_end = .)
                0x000000001000a83c                . = ALIGN (0x4)
                0x000000001000a83c                PROVIDE (__init_array_start = .)
 *(SORT_BY_NAME(.init_array.*))
 *(.init_array)
 .init_array    0x000000001000a83c        0x4 /usr/lib/gcc/arm-none-eabi/10.3.1/thumb/v6-m/nofp/crtbegin.o
 .init_array    0x000000001000a840        0x4 CMakeFiles/main.dir/lib/pico-sdk/src/rp2_common/pico_unique_id/unique_id.c.o
                0x000000001000a844                PROVIDE (__init_array_end = .)
                0x000000001000a844                . = ALIGN (0x4)
                0x000000001000a844                PROVIDE (__fini_array_start = .)
 *(SORT_BY_NAME(.fini_array.*))
 *(.fini_array)
                0x000000001000a844                PROVIDE (__fini_array_end = .)
 *(.eh_frame*)
 .eh_frame      0x000000001000a844        0x0 /usr/lib/gcc/arm-none-eabi/10.3.1/thumb/v6-m/nofp/crtbegin.o
                0x000000001000a844                . = ALIGN (0x4)

.glue_7         0x000000001000a844        0x0
 .glue_7        0x000000001000a844        0x0 linker stubs

.glue_7t        0x000000001000a844        0x0
 .glue_7t       0x000000001000a844        0x0 linker stubs

.vfp11_veneer   0x000000001000a844        0x0
 .vfp11_veneer  0x000000001000a844        0x0 linker stubs

.v4_bx          0x000000001000a844        0x0
 .v4_bx         0x000000001000a844        0x0 linker stubs

.iplt           0x000000001000a844        0x0
 .iplt          0x000000001000a844        0x0 /usr/lib/gcc/arm-none-eabi/10.3.1/thumb/v6-m/nofp/crtbegin.o

.rodata         0x000000001000a848    0x37f74
 *(EXCLUDE_FILE(*libm.a: *libc.a:*lib_a-mem*.o *libgcc.a:) .rodata*)
 .rodata.main.str1.4
                0x000000001000a848       0x12 CMakeFiles/main.dir/src/main.c.o
 *fill*         0x000000001000a85a        0x2 
 .rodata.panic.str1.4
                0x000000001000a85c       0x10 CMakeFiles/main.dir/lib/pico-sdk/src/rp2_common/pico_platform_panic/panic.c.o
                                         0x12 (size before relaxing)
 .rodata.spin_lock_claim_unused.str1.4
                0x000000001000a86c       0x1b CMakeFiles/main.dir/lib/pico-sdk/src/rp2_common/hardware_sync/sync.c.o
 *fill*         0x000000001000a887        0x1 
 .rodata.user_irq_claim_unused.str1.4
                0x000000001000a888       0x1b CMakeFiles/main.dir/lib/pico-sdk/src/rp2_common/hardware_irq/irq.c.o
 *fill*         0x000000001000a8a3        0x5 
 .rodata.at_the_end_of_time
                0x000000001000a8a8        0x8 CMakeFiles/main.dir/lib/pico-sdk/src/common/pico_time/time.c.o
                0x000000001000a8a8                at_the_end_of_time
 .rodata.timer_hardware_alarm_claim.str1.4
                0x000000001000a8b0       0x22 CMakeFiles/main.dir/lib/pico-sdk/src/rp2_common/hardware_timer/timer.c.o
 *fill*         0x000000001000a8d2        0x2 
 .rodata.hard_assertion_failure.str1.4
                0x000000001000a8d4        0xc CMakeFiles/main.dir/lib/pico-sdk/src/rp2_common/pico_runtime/runtime.c.o
 .rodata.missing_double_func_shim.str1.4
                0x000000001000a8e0       0x18 CMakeFiles/main.dir/lib/pico-sdk/src/rp2_common/pico_double/double_init_rom_rp2040.c.o
 .rodata.missing_float_func_shim.str1.4
                0x000000001000a8f8       0x18 CMakeFiles/main.dir/lib/pico-sdk/src/rp2_common/pico_float/float_init_rom_rp2040.c.o
                                          0x1 (size before relaxing)
 .rodata.str1.4
                0x000000001000a8f8       0x3c CMakeFiles/main.dir/lib/pico-sdk/src/rp2_common/pico_standard_binary_info/standard_binary_info.c.o
 .rodata.__bi_26
                0x000000001000a934        0xc CMakeFiles/main.dir/lib/pico-sdk/src/rp2_common/pico_standard_binary_info/standard_binary_info.c.o
 .rodata.__bi_34
                0x000000001000a940        0xc CMakeFiles/main.dir/lib/pico-sdk/src/rp2_common/pico_standard_binary_info/standard_binary_info.c.o
 .rodata.__bi_42
                0x000000001000a94c        0xc CMakeFiles/main.dir/lib/pico-sdk/src/rp2_common/pico_standard_binary_info/standard_binary_info.c.o
 .rodata.__bi_48
                0x000000001000a958        0xc CMakeFiles/main.dir/lib/pico-sdk/src/rp2_common/pico_standard_binary_info/standard_binary_info.c.o
 .rodata.__bi_54
                0x000000001000a964        0xc CMakeFiles/main.dir/lib/pico-sdk/src/rp2_common/pico_standard_binary_info/standard_binary_info.c.o
 .rodata.__bi_78
                0x000000001000a970        0xc CMakeFiles/main.dir/lib/pico-sdk/src/rp2_common/pico_standard_binary_info/standard_binary_info.c.o
 .rodata.__bi_84
                0x000000001000a97c        0xc CMakeFiles/main.dir/lib/pico-sdk/src/rp2_common/pico_standard_binary_info/standard_binary_info.c.o
 .rodata._ftoa.str1.4
                0x000000001000a988       0x15 CMakeFiles/main.dir/lib/pico-sdk/src/rp2_common/pico_printf/printf.c.o
 *fill*         0x000000001000a99d        0x3 
 .rodata._vsnprintf
                0x000000001000a9a0      0x1e0 CMakeFiles/main.dir/lib/pico-sdk/src/rp2_common/pico_printf/printf.c.o
 .rodata.pow10.0
                0x000000001000ab80       0x50 CMakeFiles/main.dir/lib/pico-sdk/src/rp2_common/pico_printf/printf.c.o
 .rodata.crlf_str.0
                0x000000001000abd0        0x2 CMakeFiles/main.dir/lib/pico-sdk/src/rp2_common/pico_stdio/stdio.c.o
 *fill*         0x000000001000abd2        0x2 
 .rodata.str1.4
                0x000000001000abd4       0x2c CMakeFiles/main.dir/lib/pico-sdk/src/rp2_common/pico_stdio_uart/stdio_uart.c.o
 .rodata.__bi_45.4
                0x000000001000ac00        0xc CMakeFiles/main.dir/lib/pico-sdk/src/rp2_common/pico_stdio_uart/stdio_uart.c.o
 .rodata.__bi_49.5
                0x000000001000ac0c        0x8 CMakeFiles/main.dir/lib/pico-sdk/src/rp2_common/pico_stdio_uart/stdio_uart.c.o
 .rodata.__bi_50.6
                0x000000001000ac14        0x8 CMakeFiles/main.dir/lib/pico-sdk/src/rp2_common/pico_stdio_uart/stdio_uart.c.o
 .rodata._resetd_driver
                0x000000001000ac1c       0x20 CMakeFiles/main.dir/lib/pico-sdk/src/rp2_common/pico_stdio_usb/reset_interface.c.o
 .rodata.desc_bos
                0x000000001000ac3c       0x21 CMakeFiles/main.dir/lib/pico-sdk/src/rp2_common/pico_stdio_usb/reset_interface.c.o
                0x000000001000ac3c                desc_bos
 *fill*         0x000000001000ac5d        0x3 
 .rodata.desc_ms_os_20
                0x000000001000ac60       0xa6 CMakeFiles/main.dir/lib/pico-sdk/src/rp2_common/pico_stdio_usb/reset_interface.c.o
 *fill*         0x000000001000ad06        0x2 
 .rodata.str1.4
                0x000000001000ad08       0x13 CMakeFiles/main.dir/lib/pico-sdk/src/rp2_common/pico_stdio_usb/stdio_usb.c.o
 *fill*         0x000000001000ad1b        0x1 
 .rodata.__bi_197.0
                0x000000001000ad1c        0xc CMakeFiles/main.dir/lib/pico-sdk/src/rp2_common/pico_stdio_usb/stdio_usb.c.o
 .rodata.str1.4
                0x000000001000ad28       0x2a CMakeFiles/main.dir/lib/pico-sdk/src/rp2_common/pico_stdio_usb/stdio_usb_descriptors.c.o
 *fill*         0x000000001000ad52        0x2 
 .rodata.usbd_desc_cfg
                0x000000001000ad54       0x54 CMakeFiles/main.dir/lib/pico-sdk/src/rp2_common/pico_stdio_usb/stdio_usb_descriptors.c.o
 .rodata.usbd_desc_device
                0x000000001000ada8       0x12 CMakeFiles/main.dir/lib/pico-sdk/src/rp2_common/pico_stdio_usb/stdio_usb_descriptors.c.o
 *fill*         0x000000001000adba        0x2 
 .rodata.usbd_desc_str
                0x000000001000adbc       0x18 CMakeFiles/main.dir/lib/pico-sdk/src/rp2_common/pico_stdio_usb/stdio_usb_descriptors.c.o
 .rodata.str1.4
                0x000000001000add4       0x14 CMakeFiles/main.dir/lib/pico-sdk/lib/tinyusb/src/portable/raspberrypi/rp2040/dcd_rp2040.c.o
 .rodata.str1.4
                0x000000001000ade8       0x48 CMakeFiles/main.dir/lib/pico-sdk/lib/tinyusb/src/portable/raspberrypi/rp2040/rp2040_usb.c.o
 .rodata.tud_task_ext
                0x000000001000ae30       0x8c CMakeFiles/main.dir/lib/pico-sdk/lib/tinyusb/src/device/usbd.c.o
 .rodata        0x000000001000aebc       0x1c CMakeFiles/main.dir/lib/pico-sdk/lib/tinyusb/src/device/usbd.c.o
 .rodata._usbd_driver
                0x000000001000aed8       0x40 CMakeFiles/main.dir/lib/pico-sdk/lib/tinyusb/src/device/usbd.c.o
 .rodata.cyw43_read_bytes.str1.4
                0x000000001000af18       0x1a CMakeFiles/main.dir/lib/pico-sdk/src/rp2_common/pico_cyw43_driver/cyw43_bus_pio_spi.c.o
 .rodata.cyw43_write_bytes.str1.4
                0x000000001000af32       0x1a CMakeFiles/main.dir/lib/pico-sdk/src/rp2_common/pico_cyw43_driver/cyw43_bus_pio_spi.c.o
                                          0xd (size before relaxing)
 *fill*         0x000000001000af32        0x2 
 .rodata.spi_gap01_sample0_program
                0x000000001000af34        0x8 CMakeFiles/main.dir/lib/pico-sdk/src/rp2_common/pico_cyw43_driver/cyw43_bus_pio_spi.c.o
 .rodata.spi_gap01_sample0_program_instructions
                0x000000001000af3c        0xc CMakeFiles/main.dir/lib/pico-sdk/src/rp2_common/pico_cyw43_driver/cyw43_bus_pio_spi.c.o
 .rodata.cyw43_kso_set.str1.4
                0x000000001000af48       0x23 CMakeFiles/main.dir/lib/pico-sdk/lib/cyw43-driver/src/cyw43_ll.c.o
 *fill*         0x000000001000af6b        0x1 
 .rodata.cyw43_ll_sdpcm_poll_device.str1.4
                0x000000001000af6c       0x55 CMakeFiles/main.dir/lib/pico-sdk/lib/cyw43-driver/src/cyw43_ll.c.o
 *fill*         0x000000001000afc1        0x3 
 .rodata.cyw43_sdpcm_send_common.str1.4
                0x000000001000afc4       0x22 CMakeFiles/main.dir/lib/pico-sdk/lib/cyw43-driver/src/cyw43_ll.c.o
 *fill*         0x000000001000afe6        0x2 
 .rodata.cyw43_do_ioctl.part.0.str1.4
                0x000000001000afe8       0x53 CMakeFiles/main.dir/lib/pico-sdk/lib/cyw43-driver/src/cyw43_ll.c.o
 *fill*         0x000000001000b03b        0x1 
 .rodata.reset_device_core.constprop.0.str1.4
                0x000000001000b03c       0x1a CMakeFiles/main.dir/lib/pico-sdk/lib/cyw43-driver/src/cyw43_ll.c.o
 *fill*         0x000000001000b056        0x2 
 .rodata.cyw43_ll_wifi_on.str1.4
                0x000000001000b058       0x52 CMakeFiles/main.dir/lib/pico-sdk/lib/cyw43-driver/src/cyw43_ll.c.o
 *fill*         0x000000001000b0aa        0x2 
 .rodata.cyw43_ll_bus_init.str1.4
                0x000000001000b0ac       0xea CMakeFiles/main.dir/lib/pico-sdk/lib/cyw43-driver/src/cyw43_ll.c.o
 *fill*         0x000000001000b196        0x2 
 .rodata.cyw43_ll_gpio_set.str1.4
                0x000000001000b198        0x8 CMakeFiles/main.dir/lib/pico-sdk/lib/cyw43-driver/src/cyw43_ll.c.o
 .rodata        0x000000001000b1a0       0x72 CMakeFiles/main.dir/lib/pico-sdk/lib/cyw43-driver/src/cyw43_ll.c.o
 *fill*         0x000000001000b212        0x2 
 .rodata.w43439A0_7_95_49_00_combined
                0x000000001000b214    0x36fd8 CMakeFiles/main.dir/lib/pico-sdk/lib/cyw43-driver/src/cyw43_ll.c.o
 .rodata.wifi_nvram_4343
                0x00000000100421ec      0x2e7 CMakeFiles/main.dir/lib/pico-sdk/lib/cyw43-driver/src/cyw43_ll.c.o
 *fill*         0x00000000100424d3        0x1 
 .rodata.cyw43_cb_process_async_event.str1.4
                0x00000000100424d4       0x28 CMakeFiles/main.dir/lib/pico-sdk/lib/cyw43-driver/src/cyw43_ctrl.c.o
 .rodata.str1.4
                0x00000000100424fc       0x9e CMakeFiles/main.dir/lib/pico-sdk/lib/cyw43-driver/src/cyw43_ctrl.c.o
 *fill*         0x000000001004259a        0x2 
 .rodata.cyw43_async_event_name_table
                0x000000001004259c      0x164 CMakeFiles/main.dir/lib/pico-sdk/lib/cyw43-driver/src/cyw43_ctrl.c.o
 .rodata.pio_claim_unused_sm.str1.4
                0x0000000010042700       0x24 CMakeFiles/main.dir/lib/pico-sdk/src/rp2_common/hardware_pio/pio.c.o
 .rodata.dma_claim_unused_channel.str1.4
                0x0000000010042724       0x1e CMakeFiles/main.dir/lib/pico-sdk/src/rp2_common/hardware_dma/dma.c.o
 *fill*         0x0000000010042742        0x2 
 .rodata.cyw43_cb_tcpip_set_link_up.str1.4
                0x0000000010042744       0x20 CMakeFiles/main.dir/lib/pico-sdk/src/rp2_common/pico_cyw43_driver/cyw43_driver.c.o
 .rodata.async_context_threadsafe_background_lock_check.str1.4
                0x0000000010042764       0x20 CMakeFiles/main.dir/lib/pico-sdk/src/rp2_common/pico_async_context/async_context_threadsafe_background.c.o
 .rodata.template
                0x0000000010042784       0x38 CMakeFiles/main.dir/lib/pico-sdk/src/rp2_common/pico_async_context/async_context_threadsafe_background.c.o
                0x00000000100427bc                . = ALIGN (0x4)
 *(SORT_BY_ALIGNMENT(SORT_BY_NAME(.flashdata*)))
                0x00000000100427bc                . = ALIGN (0x4)

.ARM.extab
 *(.ARM.extab* .gnu.linkonce.armextab.*)
                0x00000000100427bc                __exidx_start = .

.ARM.exidx
 *(.ARM.exidx* .gnu.linkonce.armexidx.*)
                0x00000000100427bc                __exidx_end = .
                0x00000000100427bc                . = ALIGN (0x4)
                0x00000000100427bc                __binary_info_start = .

.binary_info    0x00000000100427bc       0x2c
 *(.binary_info.keep.*)
 .binary_info.keep.__bi_ptr26
                0x00000000100427bc        0x4 CMakeFiles/main.dir/lib/pico-sdk/src/rp2_common/pico_standard_binary_info/standard_binary_info.c.o
 .binary_info.keep.__bi_ptr34
                0x00000000100427c0        0x4 CMakeFiles/main.dir/lib/pico-sdk/src/rp2_common/pico_standard_binary_info/standard_binary_info.c.o
 .binary_info.keep.__bi_ptr42
                0x00000000100427c4        0x4 CMakeFiles/main.dir/lib/pico-sdk/src/rp2_common/pico_standard_binary_info/standard_binary_info.c.o
 .binary_info.keep.__bi_ptr48
                0x00000000100427c8        0x4 CMakeFiles/main.dir/lib/pico-sdk/src/rp2_common/pico_standard_binary_info/standard_binary_info.c.o
 .binary_info.keep.__bi_ptr54
                0x00000000100427cc        0x4 CMakeFiles/main.dir/lib/pico-sdk/src/rp2_common/pico_standard_binary_info/standard_binary_info.c.o
 .binary_info.keep.__bi_ptr78
                0x00000000100427d0        0x4 CMakeFiles/main.dir/lib/pico-sdk/src/rp2_common/pico_standard_binary_info/standard_binary_info.c.o
 .binary_info.keep.__bi_ptr84
                0x00000000100427d4        0x4 CMakeFiles/main.dir/lib/pico-sdk/src/rp2_common/pico_standard_binary_info/standard_binary_info.c.o
 *(.binary_info.*)
 .binary_info.__bi_ptr45
                0x00000000100427d8        0x4 CMakeFiles/main.dir/lib/pico-sdk/src/rp2_common/pico_stdio_uart/stdio_uart.c.o
 .binary_info.__bi_ptr49
                0x00000000100427dc        0x4 CMakeFiles/main.dir/lib/pico-sdk/src/rp2_common/pico_stdio_uart/stdio_uart.c.o
 .binary_info.__bi_ptr50
                0x00000000100427e0        0x4 CMakeFiles/main.dir/lib/pico-sdk/src/rp2_common/pico_stdio_uart/stdio_uart.c.o
 .binary_info.__bi_ptr197
                0x00000000100427e4        0x4 CMakeFiles/main.dir/lib/pico-sdk/src/rp2_common/pico_stdio_usb/stdio_usb.c.o
                0x00000000100427e8                __binary_info_end = .

.rel.dyn        0x00000000100427e8        0x0
 .rel.iplt      0x00000000100427e8        0x0 /usr/lib/gcc/arm-none-eabi/10.3.1/thumb/v6-m/nofp/crtbegin.o
                0x00000000100427e8                . = ALIGN (0x4)

.ram_vector_table
                0x0000000020000000       0xc0
 *(.ram_vector_table)
 .ram_vector_table
                0x0000000020000000       0xc0 CMakeFiles/main.dir/lib/pico-sdk/src/rp2_common/pico_runtime_init/runtime_init.c.o
                0x0000000020000000                ram_vector_table

.uninitialized_data
                0x00000000200000c0        0x0
                0x00000000200000c0                . = ALIGN (0x4)
 *(.uninitialized_data*)

.data           0x00000000200000c0     0x11b0 load address 0x00000000100427e8
                0x00000000200000c0                __data_start__ = .
 *(vtable)
 *(.time_critical*)
 .time_critical.sem_acquire_block_until
                0x00000000200000c0       0x68 CMakeFiles/main.dir/lib/pico-sdk/src/common/pico_sync/sem.c.o